-186.662 -186.665
-186.657 -186.664
-186.656 -186.663
-186.661 -186.662
-186.663 -186.662
-186.654 -186.662
-186.654 -186.661
-186.655 -186.661
-186.657 -186.661
-186.656 -186.661
-186.653 -186.66
-186.659 -186.66
-186.66 -186.66
-186.657 -186.66
-186.652 -186.66
-186.651 -186.66
-186.656 -186.659
-186.662 -186.659
-186.66 -186.659
-186.662 -186.659
-186.655 -186.658
-186.653 -186.658
-186.65 -186.658
-186.651 -186.658
-186.661 -186.658
-186.65 -186.657
-186.656 -186.657
-186.653 -186.657
-186.649 -186.657
-186.659 -186.657
-186.66 -186.656
-186.658 -186.656
-186.649 -186.656
-186.655 -186.656
-186.654 -186.655
-186.647 -186.655
-186.647 -186.654
-186.656 -186.654
-186.648 -186.654
-186.651 -186.654
-186.65 -186.653
-186.646 -186.653
-186.645 -186.653
-186.645 -186.652
-186.644 -186.652
-186.656 -186.651
-186.648 -186.651
-186.647 -186.651
-186.655 -186.651
-186.653 -186.65
-186.643 -186.65
-186.648 -186.65
-186.65 -186.65
-186.643 -186.649
-186.654 -186.649
-186.642 -186.649
-186.641 -186.648
-186.648 -186.648
-186.648 -186.648
-186.645 -186.647
-186.652 -186.647
-186.65 -186.647
-186.641 -186.646
-186.64 -186.646
-186.642 -186.646
-186.642 -186.646
-186.639 -186.646
-186.644 -186.645
-186.639 -186.645
-186.65 -186.645
-186.641 -186.644
-186.636 -186.644
-186.648 -186.644
-186.645 -186.644
-186.649 -186.644
-186.64 -186.643
-186.638 -186.643
-186.645 -186.643
-186.653 -186.643
-186.636 -186.643
-186.636 -186.642
-186.646 -186.642
-186.643 -186.642
-186.643 -186.642
-186.647 -186.642
-186.634 -186.642
-186.647 -186.641
-186.635 -186.641
-186.632 -186.641
-186.646 -186.641
-186.633 -186.641
-186.645 -186.64
-186.631 -186.64
-186.652 -186.64
-186.639 -186.64
-186.639 -186.639
-186.641 -186.639
-186.63 -186.638
-186.629 -186.637
-186.641 -186.636
-186.642 -186.635
-186.634 -186.635
-186.634 -186.633
-186.645 -186.632
-186.635 -186.631
-186.638 -186.63
-186.632 -186.629
-186.635 -186.628
-186.622 -186.627
-186.619 -186.625
-186.624 -186.624
-186.625 -186.62
-186.622 -186.617
-186.615 -186.613
-186.603 -186.607
-186.581 -186.6
-186.622 -186.598
-186.622 -186.593
-186.591 -186.591
-186.582 -186.59
-186.61 -186.589
-186.588 -186.588
-186.617 -186.587
-186.628 -186.585
-186.584 -186.584
-186.569 -186.583
-186.57 -186.581
-186.627 -186.58
-186.626 -186.579
-186.6 -186.578
-186.623 -186.577
-186.606 -186.576
-186.612 -186.576
-186.577 -186.575
-186.576 -186.572
-186.573 -186.571
-186.571 -186.57
-186.575 -186.569
-186.57 -186.568
-186.568 -186.567
-186.566 -186.564
-186.565 -186.563
-186.565 -186.562
-186.563 -186.561
-186.561 -186.559
-186.56 -186.557
-186.56 -186.556
-186.562 -186.555
-186.559 -186.555
-186.553 -186.553
-186.554 -186.553
-186.553 -186.551
-186.554 -186.551
-186.551 -186.55
-186.544 -186.549
-186.552 -186.548
-186.542 -186.548
-186.541 -186.547
-186.55 -186.547
-186.55 -186.546
-186.538 -186.545
-186.544 -186.545
-186.538 -186.544
-186.544 -186.544
-186.545 -186.543
-186.542 -186.542
-186.535 -186.541
-186.544 -186.541
-186.543 -186.54
-186.534 -186.54
-186.533 -186.538
-186.54 -186.538
-186.542 -186.538
-186.531 -186.536
-186.541 -186.536
-186.541 -186.535
-186.536 -186.535
-186.529 -186.534
-186.528 -186.534
-186.536 -186.533
-186.527 -186.533
-186.526 -186.532
-186.533 -186.531
-186.533 -186.531
-186.523 -186.53
-186.523 -186.529
-186.521 -186.528
-186.521 -186.527
-186.526 -186.527
-186.522 -186.526
-186.53 -186.525
-186.527 -186.524
-186.518 -186.524
-186.529 -186.523
-186.513 -186.522
-186.516 -186.521
-186.525 -186.52
-186.523 -186.518
-186.522 -186.516
-186.51 -186.515
-186.508 -186.514
-186.488 -186.513
-186.506 -186.512
-186.506 -186.509
-186.506 -186.507
-186.502 -186.505
-186.507 -186.504
-186.494 -186.502
-186.497 -186.501
-186.497 -186.499
-186.493 -186.498
-186.497 -186.497
-186.498 -186.496
-186.498 -186.495
-186.491 -186.494
-186.484 -186.493
-186.492 -186.493
-186.497 -186.492
-186.495 -186.492
-186.482 -186.492
-186.489 -186.491
-186.478 -186.49
-186.479 -186.49
-186.483 -186.489
-186.497 -186.488
-186.494 -186.488
-186.474 -186.487
-186.489 -186.486
-186.489 -186.486
-186.484 -186.485
-186.478 -186.484
-186.487 -186.483
-186.478 -186.483
-186.472 -186.482
-186.48 -186.482
-186.479 -186.481
-186.471 -186.48
-186.468 -186.48
-186.483 -186.478
-186.479 -186.477
-186.471 -186.476
-186.479 -186.474
-186.473 -186.473
-186.471 -186.471
-186.466 -186.468
-186.47 -186.467
-186.462 -186.464
-186.459 -186.46
-186.452 -186.457
-186.454 -186.456
-186.448 -186.454
-186.462 -186.453
-186.447 -186.452
-186.448 -186.451
-186.446 -186.45
-186.447 -186.45
-186.445 -186.449
-186.45 -186.449
-186.445 -186.448
-186.443 -186.445
-186.448 -186.445
-186.441 -186.444
-186.432 -186.443
-186.444 -186.442
-186.43 -186.44
-186.435 -186.439
-186.425 -186.437
-186.443 -186.436
-186.441 -186.435
-186.442 -186.434
-186.439 -186.433
-186.437 -186.431
-186.426 -186.43
-186.437 -186.429
-186.434 -186.429
-186.431 -186.427
-186.434 -186.427
-186.422 -186.426
-186.42 -186.425
-186.431 -186.424
-186.43 -186.422
-186.428 -186.42
-186.426 -186.418
-186.41 -186.416
-186.423 -186.415
-186.423 -186.414
-186.408 -186.413
-186.422 -186.412
-186.412 -186.411
-186.409 -186.409
-186.406 -186.408
-186.409 -186.408
-186.4 -186.407
-186.404 -186.406
-186.404 -186.405
-186.401 -186.404
-186.404 -186.403
-186.398 -186.402
-186.396 -186.401
-186.396 -186.4
-186.394 -186.399
-186.398 -186.397
-186.391 -186.396
-186.389 -186.395
-186.39 -186.393
-186.393 -186.391
-186.385 -186.39
-186.389 -186.39
-186.384 -186.389
-186.386 -186.387
-186.382 -186.386
-186.383 -186.384
-186.377 -186.383
-186.377 -186.382
-186.378 -186.381
-186.378 -186.38
-186.367 -186.379
-186.375 -186.378
-186.372 -186.375
-186.371 -186.373
-186.372 -186.372
-186.371 -186.37
-186.369 -186.368
-186.364 -186.367
-186.362 -186.365
-186.364 -186.363
-186.357 -186.362
-186.375 -186.36
-186.342 -186.359
-186.352 -186.357
-186.343 -186.355
-186.352 -186.354
-186.352 -186.353
-186.348 -186.352
-186.345 -186.351
-186.345 -186.351
-186.346 -186.35
-186.346 -186.35
-186.344 -186.349
-186.359 -186.348
-186.338 -186.347
-186.336 -186.346
-186.338 -186.346
-186.342 -186.345
-186.353 -186.343
-186.34 -186.342
-186.34 -186.342
-186.334 -186.341
-186.337 -186.34
-186.335 -186.339
-186.332 -186.338
-186.335 -186.337
-186.338 -186.336
-186.341 -186.335
-186.34 -186.334
-186.333 -186.333
-186.326 -186.332
-186.325 -186.33
-186.34 -186.329
-186.326 -186.328
-186.325 -186.326
-186.331 -186.326
-186.32 -186.324
-186.339 -186.324
-186.319 -186.322
-186.33 -186.319
-186.312 -186.317
-186.306 -186.315
-186.329 -186.314
-186.305 -186.313
-186.313 -186.311
-186.318 -186.31
-186.31 -186.309
-186.315 -186.308
-186.297 -186.308
-186.3 -186.307
-186.311 -186.306
-186.295 -186.305
-186.296 -186.304
-186.293 -186.304
-186.31 -186.303
-186.291 -186.301
-186.295 -186.301
-186.295 -186.3
-186.292 -186.3
-186.308 -186.299
-186.291 -186.298
-186.295 -186.298
-186.29 -186.297
-186.291 -186.296
-186.285 -186.295
-186.302 -186.294
-186.287 -186.293
-186.288 -186.293
-186.283 -186.292
-186.285 -186.291
-186.282 -186.29
-186.283 -186.289
-186.28 -186.287
-186.284 -186.286
-186.278 -186.284
-186.278 -186.284
-186.283 -186.282
-186.284 -186.28
-186.26 -186.27
-186.255 -186.264
-186.257 -186.247
-186.243 -186.237
-186.227 -186.234
-186.23 -186.224
-186.208 -186.21
-186.183 -186.19
-186.169 -186.168
-186.14 -186.139
-186.108 -186.11
-185.988 -185.984
-182.944 -182.933
-181.865 -181.867
-181.863 -181.865
-181.865 -181.865
-181.864 -181.864
-181.859 -181.864
-181.858 -181.863
-181.861 -181.863
-181.862 -181.862
-181.859 -181.862
-181.863 -181.861
-181.859 -181.861
-181.858 -181.861
-181.855 -181.861
-181.863 -181.86
-181.86 -181.86
-181.859 -181.86
-181.862 -181.859
-181.86 -181.859
-181.859 -181.859
-181.856 -181.858
-181.856 -181.858
-181.86 -181.858
-181.855 -181.857
-181.854 -181.857
-181.854 -181.856
-181.852 -181.855
-181.851 -181.855
-181.904 -181.847
-181.835 -181.836
-181.834 -181.833
-181.83 -181.831
-181.832 -181.83
-181.827 -181.828
-181.835 -181.824
-181.828 -181.823
-181.835 -181.822
-181.828 -181.821
-181.825 -181.82
-181.826 -181.819
-181.83 -181.819
-181.829 -181.818
-181.827 -181.818
-181.827 -181.817
-181.826 -181.817
-181.825 -181.816
-181.822 -181.815
-181.812 -181.815
-181.865 -181.814
-181.808 -181.798
-181.814 -181.775
-181.781 -181.748
-181.771 -181.722
-181.765 -181.697
-181.742 -181.666
-181.701 -181.623
-181.661 -181.606
-181.614 -181.592
-181.621 -181.586
-181.623 -181.581
-181.599 -181.576
-181.593 -181.571
-181.588 -181.563
-181.57 -181.548
-181.547 -181.524
-181.542 -181.486
-181.494 -181.433
-181.457 -181.399
-181.422 -181.356
-181.163 -181.063
-179.889 -179.895
-179.891 -179.894
-179.889 -179.893
-179.888 -179.892
-179.886 -179.891
-179.883 -179.89
-179.884 -179.889
-179.884 -179.889
-179.883 -179.889
-179.881 -179.888
-179.882 -179.887
-179.882 -179.886
-179.881 -179.886
-179.88 -179.885
-179.88 -179.884
-179.879 -179.883
-179.879 -179.883
-179.88 -179.882
-179.873 -179.881
-179.861 -179.879
-179.884 -179.867
-179.859 -179.862
-179.857 -179.861
-179.86 -179.86
-179.856 -179.859
-179.859 -179.859
-179.854 -179.858
-179.851 -179.858
-179.853 -179.857
-179.856 -179.857
-179.855 -179.857
-179.84 -179.856
-179.852 -179.856
-179.851 -179.856
-179.852 -179.855
-179.837 -179.855
-179.838 -179.855
-179.852 -179.855
-179.836 -179.854
-179.837 -179.854
-179.836 -179.854
-179.836 -179.853
-179.835 -179.853
-179.85 -179.853
-179.835 -179.852
-179.85 -179.852
-179.851 -179.852
-179.849 -179.852
-179.849 -179.851
-179.849 -179.851
-179.848 -179.851
-179.845 -179.851
-179.852 -179.85
-179.846 -179.85
-179.836 -179.85
-179.847 -179.849
-179.847 -179.849
-179.846 -179.849
-179.836 -179.849
-179.834 -179.848
-179.83 -179.848
-179.831 -179.848
-179.833 -179.848
-179.834 -179.847
-179.846 -179.847
-179.83 -179.847
-179.833 -179.847
-179.846 -179.847
-179.831 -179.846
-179.83 -179.846
-179.83 -179.846
-179.838 -179.846
-179.828 -179.845
-179.843 -179.845
-179.83 -179.845
-179.829 -179.844
-179.829 -179.844
-179.827 -179.844
-179.84 -179.844
-179.827 -179.843
-179.84 -179.843
-179.837 -179.843
-179.849 -179.843
-179.837 -179.842
-179.839 -179.842
-179.833 -179.842
-179.833 -179.842
-179.826 -179.842
-179.835 -179.841
-179.829 -179.841
-179.828 -179.841
-179.824 -179.841
-179.839 -179.841
-179.835 -179.841
-179.823 -179.841
-179.833 -179.84
-179.824 -179.84
-179.836 -179.84
-179.838 -179.84
-179.837 -179.84
-179.82 -179.84
-179.835 -179.839
-179.836 -179.839
-179.832 -179.839
-179.823 -179.839
-179.82 -179.839
-179.826 -179.839
-179.832 -179.839
-179.819 -179.839
-179.821 -179.838
-179.826 -179.838
-179.83 -179.838
-179.834 -179.838
-179.833 -179.838
-179.833 -179.838
-179.833 -179.838
-179.834 -179.837
-179.818 -179.837
-179.821 -179.837
-179.834 -179.837
-179.833 -179.837
-179.833 -179.837
-179.831 -179.837
-179.818 -179.836
-179.818 -179.836
-179.834 -179.836
-179.832 -179.836
-179.829 -179.835
-179.833 -179.835
-179.831 -179.835
-179.827 -179.835
-179.818 -179.835
-179.831 -179.834
-179.817 -179.833
-179.826 -179.833
-179.827 -179.832
-179.823 -179.83
-179.826 -179.829
-179.818 -179.826
-179.823 -179.824
-179.811 -179.82
-179.8 -179.818
-179.798 -179.816
-179.813 -179.813
-179.827 -179.811
-179.83 -179.81
-179.8 -179.808
-179.812 -179.807
-179.796 -179.806
-179.796 -179.805
-179.829 -179.803
-179.791 -179.801
-179.789 -179.801
-179.789 -179.799
-179.786 -179.798
-179.785 -179.797
-179.795 -179.794
-179.793 -179.792
-179.778 -179.787
-179.762 -179.779
-179.766 -179.776
-179.761 -179.775
-179.757 -179.773
-179.757 -179.771
-179.755 -179.768
-179.752 -179.765
-179.792 -179.758
-179.761 -179.752
-179.752 -179.745
-179.755 -179.735
-179.71 -179.73
-179.71 -179.729
-179.709 -179.729
-179.71 -179.728
-179.709 -179.727
-179.706 -179.727
-179.708 -179.727
-179.704 -179.726
-179.708 -179.726
-179.707 -179.726
-179.707 -179.726
-179.706 -179.725
-179.706 -179.725
-179.703 -179.725
-179.706 -179.724
-179.704 -179.724
-179.706 -179.724
-179.705 -179.723
-179.704 -179.723
-179.705 -179.723
-179.703 -179.722
-179.702 -179.722
-179.701 -179.721
-179.703 -179.721
-179.702 -179.72
-179.701 -179.719
-179.701 -179.718
-179.718 -179.714
-179.718 -179.702
-179.721 -179.696
-179.676 -179.692
-179.672 -179.688
-179.673 -179.687
-179.67 -179.685
-179.682 -179.683
-179.667 -179.683
-179.685 -179.682
-179.68 -179.682
-179.68 -179.681
-179.68 -179.681
-179.677 -179.68
-179.677 -179.68
-179.675 -179.68
-179.665 -179.68
-179.725 -179.679
-179.677 -179.679
-179.679 -179.679
-179.676 -179.678
-179.677 -179.678
-179.676 -179.678
-179.675 -179.677
-179.677 -179.677
-179.675 -179.677
-179.674 -179.676
-179.673 -179.676
-179.677 -179.676
-179.679 -179.676
-179.673 -179.675
-179.673 -179.675
-179.672 -179.674
-179.704 -179.674
-179.674 -179.672
-179.655 -179.67
-179.661 -179.664
-179.661 -179.661
-179.656 -179.659
-179.656 -179.657
-179.653 -179.656
-179.655 -179.654
-179.651 -179.652
-179.699 -179.649
-179.648 -179.646
-179.684 -179.639
-179.647 -179.634
-179.656 -179.629
-179.631 -179.598
-179.659 -179.586
-179.594 -179.571
-179.627 -179.562
-179.548 -179.561
-179.548 -179.56
-179.546 -179.559
-179.555 -179.558
-179.545 -179.558
-179.554 -179.558
-179.548 -179.557
-179.553 -179.557
-179.546 -179.556
-179.546 -179.556
-179.545 -179.556
-179.544 -179.556
-179.544 -179.555
-179.545 -179.555
-179.552 -179.555
-179.544 -179.555
-179.544 -179.555
-179.552 -179.554
-179.55 -179.554
-179.551 -179.554
-179.543 -179.553
-179.55 -179.553
-179.552 -179.553
-179.543 -179.552
-179.548 -179.552
-179.549 -179.551
-179.583 -179.546
-179.57 -179.542
-179.558 -179.54
-179.586 -179.538
-179.527 -179.537
-179.53 -179.534
-179.558 -179.532
-179.524 -179.53
-179.522 -179.528
-179.519 -179.526
-179.514 -179.521
-179.543 -179.512
-179.528 -179.498
-179.526 -179.493
-179.539 -179.476
-179.516 -179.467
-179.489 -179.455
-179.462 -179.436
-179.444 -179.422
-179.46 -179.408
-179.438 -179.385
-179.378 -179.368
-179.416 -179.359
-179.373 -179.342
-179.371 -179.327
-179.354 -179.311
-179.377 -179.295
-179.372 -179.284
-179.322 -179.273
-179.327 -179.244
-179.331 -179.207
-179.24 -179.156
-179.197 -179.135
-179.144 -179.054
-178.823 -178.823
-114.496 -114.499
-114.479 -114.496
-114.476 -114.493
-114.474 -114.491
-114.475 -114.49
-114.472 -114.489
-114.489 -114.488
-114.475 -114.486
-114.48 -114.485
-114.473 -114.484
-114.482 -114.483
-114.48 -114.483
-114.486 -114.482
-114.484 -114.481
-114.482 -114.48
-114.485 -114.479
-114.485 -114.479
-114.476 -114.479
-114.471 -114.478
-114.475 -114.477
-114.469 -114.476
-114.474 -114.476
-114.48 -114.475
-114.469 -114.475
-114.456 -114.474
-114.471 -114.472
-114.468 -114.472
-114.474 -114.471
-114.47 -114.47
-114.457 -114.468
-114.466 -114.467
-114.462 -114.464
-114.461 -114.459
-114.415 -114.408
-113.865 -113.92
-112.892 -112.981
-112.812 -112.799
-112.532 -112.584
-112.196 -112.221
-186.66 -186.665
-186.66 -186.664
-186.664 -186.663
-186.657 -186.662
-186.661 -186.662
-186.659 -186.662
-186.66 -186.661
-186.663 -186.661
-186.666 -186.661
-186.656 -186.661
-186.657 -186.66
-186.66 -186.66
-186.653 -186.66
-186.664 -186.66
-186.663 -186.66
-186.652 -186.66
-186.667 -186.659
-186.661 -186.659
-186.653 -186.659
-186.651 -186.659
-186.651 -186.658
-186.66 -186.658
-186.651 -186.658
-186.659 -186.658
-186.649 -186.658
-186.659 -186.657
-186.654 -186.657
-186.649 -186.657
-186.65 -186.657
-186.654 -186.657
-186.657 -186.656
-186.659 -186.656
-186.648 -186.656
-186.652 -186.655
-186.647 -186.655
-186.65 -186.655
-186.655 -186.654
-186.661 -186.654
-186.654 -186.654
-186.65 -186.654
-186.647 -186.653
-186.646 -186.653
-186.656 -186.653
-186.652 -186.652
-186.648 -186.652
-186.656 -186.651
-186.647 -186.651
-186.649 -186.651
-186.65 -186.651
-186.647 -186.65
-186.647 -186.65
-186.642 -186.65
-186.645 -186.649
-186.642 -186.649
-186.642 -186.649
-186.641 -186.649
-186.641 -186.648
-186.647 -186.648
-186.652 -186.647
-186.644 -186.647
-186.648 -186.647
-186.644 -186.647
-186.644 -186.646
-186.64 -186.646
-186.643 -186.646
-186.64 -186.646
-186.645 -186.646
-186.644 -186.645
-186.642 -186.645
-186.642 -186.645
-186.637 -186.644
-186.647 -186.644
-186.638 -186.644
-186.654 -186.644
-186.638 -186.644
-186.639 -186.643
-186.637 -186.643
-186.639 -186.643
-186.638 -186.643
-186.648 -186.643
-186.645 -186.642
-186.634 -186.642
-186.635 -186.642
-186.646 -186.642
-186.638 -186.642
-186.638 -186.642
-186.639 -186.641
-186.635 -186.641
-186.641 -186.641
-186.634 -186.641
-186.634 -186.641
-186.642 -186.64
-186.646 -186.64
-186.641 -186.64
-186.641 -186.64
-186.644 -186.639
-186.643 -186.638
-186.641 -186.637
-186.654 -186.637
-186.636 -186.636
-186.638 -186.635
-186.634 -186.634
-186.637 -186.633
-186.652 -186.632
-186.634 -186.631
-186.631 -186.63
-186.63 -186.629
-186.629 -186.628
-186.631 -186.627
-186.631 -186.625
-186.62 -186.623
-186.626 -186.62
-186.614 -186.616
-186.611 -186.612
-186.614 -186.606
-186.599 -186.6
-186.597 -186.598
-186.615 -186.592
-186.611 -186.591
-186.604 -186.589
-186.608 -186.589
-186.615 -186.588
-186.587 -186.586
-186.583 -186.584
-186.584 -186.584
-186.593 -186.582
-186.583 -186.581
-186.593 -186.58
-186.584 -186.579
-186.579 -186.578
-186.603 -186.577
-186.615 -186.576
-186.617 -186.575
-186.582 -186.574
-186.573 -186.572
-186.573 -186.571
-186.574 -186.57
-186.569 -186.569
-186.57 -186.567
-186.57 -186.567
-186.566 -186.564
-186.565 -186.563
-186.565 -186.562
-186.558 -186.561
-186.559 -186.559
-186.544 -186.557
-186.551 -186.556
-186.558 -186.555
-186.555 -186.554
-186.557 -186.553
-186.556 -186.552
-186.545 -186.551
-186.547 -186.551
-186.552 -186.55
-186.551 -186.549
-186.545 -186.548
-186.543 -186.548
-186.542 -186.547
-186.547 -186.546
-186.548 -186.546
-186.538 -186.545
-186.547 -186.545
-186.537 -186.544
-186.547 -186.543
-186.542 -186.543
-186.543 -186.542
-186.545 -186.541
-186.543 -186.54
-186.534 -186.54
-186.535 -186.54
-186.543 -186.538
-186.539 -186.538
-186.537 -186.537
-186.53 -186.536
-186.541 -186.536
-186.529 -186.535
-186.528 -186.535
-186.53 -186.534
-186.536 -186.534
-186.536 -186.533
-186.525 -186.533
-186.539 -186.532
-186.524 -186.531
-186.525 -186.531
-186.525 -186.53
-186.521 -186.529
-186.532 -186.528
-186.52 -186.527
-186.531 -186.527
-186.52 -186.525
-186.531 -186.525
-186.516 -186.524
-186.519 -186.523
-186.525 -186.522
-186.517 -186.522
-186.516 -186.521
-186.514 -186.52
-186.516 -186.518
-186.51 -186.516
-186.51 -186.515
-186.511 -186.514
-186.519 -186.513
-186.518 -186.512
-186.505 -186.509
-186.502 -186.506
-186.5 -186.504
-186.508 -186.504
-186.509 -186.501
-186.503 -186.5
-186.493 -186.499
-186.499 -186.497
-186.502 -186.497
-186.494 -186.496
-186.492 -186.495
-186.496 -186.494
-186.494 -186.493
-186.49 -186.493
-186.498 -186.492
-186.498 -186.492
-186.487 -186.492
-186.491 -186.491
-186.497 -186.49
-186.496 -186.49
-186.488 -186.489
-186.481 -186.488
-186.481 -186.487
-186.48 -186.487
-186.481 -186.486
-186.483 -186.486
-186.474 -186.485
-186.488 -186.484
-186.476 -186.483
-186.482 -186.483
-186.475 -186.482
-186.487 -186.482
-186.478 -186.481
-186.47 -186.48
-186.484 -186.479
-186.474 -186.478
-186.468 -186.477
-186.478 -186.476
-186.468 -186.474
-186.466 -186.473
-186.464 -186.47
-186.47 -186.468
-186.469 -186.466
-186.462 -186.463
-186.459 -186.459
-186.451 -186.457
-186.462 -186.456
-186.45 -186.454
-186.449 -186.453
-186.448 -186.451
-186.445 -186.451
-186.452 -186.45
-186.451 -186.45
-186.451 -186.449
-186.447 -186.449
-186.45 -186.447
-186.441 -186.445
-186.431 -186.444
-186.443 -186.444
-186.438 -186.443
-186.446 -186.441
-186.443 -186.44
-186.429 -186.438
-186.442 -186.437
-186.435 -186.435
-186.44 -186.435
-186.442 -186.434
-186.44 -186.433
-186.411 -186.431
-186.431 -186.43
-186.435 -186.429
-186.434 -186.428
-186.435 -186.427
-186.424 -186.427
-186.417 -186.426
-186.43 -186.424
-186.414 -186.423
-186.43 -186.422
-186.405 -186.42
-186.415 -186.418
-186.425 -186.416
-186.412 -186.414
-186.4 -186.413
-186.423 -186.413
-186.409 -186.412
-186.404 -186.411
-186.406 -186.409
-186.407 -186.408
-186.404 -186.408
-186.402 -186.406
-186.403 -186.405
-186.401 -186.404
-186.404 -186.404
-186.399 -186.403
-186.404 -186.402
-186.396 -186.401
-186.4 -186.4
-186.396 -186.398
-186.398 -186.396
-186.391 -186.396
-186.395 -186.394
-186.392 -186.392
-186.378 -186.391
-186.387 -186.39
-186.384 -186.39
-186.385 -186.388
-186.383 -186.387
-186.379 -186.386
-186.383 -186.384
-186.377 -186.382
-186.377 -186.382
-186.379 -186.381
-186.376 -186.38
-186.372 -186.379
-186.376 -186.377
-186.372 -186.375
-186.366 -186.373
-186.366 -186.372
-186.369 -186.37
-186.364 -186.368
-186.378 -186.367
-186.333 -186.365
-186.354 -186.363
-186.358 -186.362
-186.364 -186.36
-186.35 -186.358
-186.352 -186.357
-186.355 -186.354
-186.366 -186.354
-186.358 -186.353
-186.345 -186.352
-186.344 -186.351
-186.347 -186.351
-186.343 -186.35
-186.344 -186.35
-186.346 -186.349
-186.359 -186.348
-186.345 -186.347
-186.341 -186.346
-186.341 -186.346
-186.343 -186.344
-186.334 -186.343
-186.34 -186.342
-186.339 -186.342
-186.341 -186.341
-186.331 -186.34
-186.341 -186.339
-186.337 -186.338
-186.328 -186.337
-186.338 -186.336
-186.338 -186.335
-186.339 -186.334
-186.328 -186.332
-186.33 -186.331
-186.338 -186.33
-186.345 -186.329
-186.335 -186.328
-186.327 -186.326
-186.33 -186.325
-186.314 -186.324
-186.32 -186.323
-186.312 -186.322
-186.31 -186.318
-186.326 -186.316
-186.305 -186.315
-186.321 -186.314
-186.306 -186.313
-186.305 -186.311
-186.304 -186.31
-186.303 -186.309
-186.302 -186.308
-186.301 -186.307
-186.298 -186.307
-186.308 -186.305
-186.3 -186.305
-186.295 -186.304
-186.299 -186.304
-186.294 -186.303
-186.301 -186.301
-186.293 -186.301
-186.308 -186.3
-186.296 -186.3
-186.294 -186.299
-186.296 -186.298
-186.295 -186.298
-186.291 -186.297
-186.294 -186.296
-186.289 -186.295
-186.291 -186.294
-186.29 -186.293
-186.285 -186.292
-186.286 -186.292
-186.289 -186.291
-186.283 -186.29
-186.282 -186.289
-186.281 -186.287
-186.278 -186.285
-186.277 -186.284
-186.277 -186.284
-186.274 -186.281
-186.267 -186.275
-186.262 -186.269
-186.262 -186.262
-186.238 -186.246
-186.243 -186.236
-186.233 -186.233
-186.226 -186.224
-186.187 -186.201
-186.187 -186.187
-186.163 -186.167
-186.136 -186.132
-186.097 -186.107
-185.956 -185.931
-182.91 -182.883
-181.866 -181.867
-181.863 -181.865
-181.864 -181.864
-181.866 -181.864
-181.859 -181.864
-181.865 -181.863
-181.864 -181.863
-181.862 -181.862
-181.863 -181.862
-181.861 -181.861
-181.856 -181.861
-181.855 -181.861
-181.856 -181.861
-181.863 -181.86
-181.861 -181.86
-181.862 -181.859
-181.859 -181.859
-181.856 -181.859
-181.855 -181.859
-181.858 -181.858
-181.855 -181.858
-181.858 -181.858
-181.855 -181.857
-181.855 -181.857
-181.855 -181.856
-181.851 -181.855
-181.854 -181.855
-181.845 -181.845
-181.834 -181.836
-181.834 -181.833
-181.832 -181.831
-181.831 -181.829
-181.829 -181.827
-181.826 -181.824
-181.827 -181.823
-181.828 -181.822
-181.833 -181.821
-181.825 -181.82
-181.826 -181.819
-181.829 -181.819
-181.828 -181.818
-181.828 -181.818
-181.827 -181.817
-181.826 -181.817
-181.823 -181.816
-181.823 -181.815
-181.826 -181.815
-181.821 -181.813
-181.803 -181.792
-181.814 -181.772
-181.763 -181.746
-181.768 -181.72
-181.752 -181.694
-181.686 -181.644
-181.636 -181.613
-181.627 -181.605
-181.608 -181.589
-181.633 -181.584
-181.605 -181.581
-181.599 -181.576
-181.594 -181.568
-181.64 -181.563
-181.583 -181.543
-181.551 -181.518
-181.515 -181.48
-181.502 -181.427
-181.458 -181.396
-181.413 -181.344
-179.923 -179.931
-179.89 -179.895
-179.89 -179.894
-179.889 -179.893
-179.886 -179.892
-179.885 -179.891
-179.883 -179.89
-179.885 -179.889
-179.885 -179.889
-179.885 -179.889
-179.884 -179.888
-179.882 -179.887
-179.881 -179.886
-179.88 -179.886
-179.881 -179.885
-179.879 -179.884
-179.879 -179.883
-179.879 -179.883
-179.878 -179.882
-179.877 -179.881
-179.875 -179.879
-179.863 -179.866
-179.858 -179.862
-179.858 -179.861
-179.857 -179.86
-179.857 -179.859
-179.855 -179.859
-179.854 -179.858
-179.855 -179.858
-179.854 -179.857
-179.852 -179.857
-179.857 -179.857
-179.856 -179.856
-179.853 -179.856
-179.853 -179.856
-179.849 -179.855
-179.852 -179.855
-179.852 -179.855
-179.853 -179.854
-179.85 -179.854
-179.837 -179.854
-179.851 -179.853
-179.85 -179.853
-179.835 -179.853
-179.85 -179.852
-179.836 -179.852
-179.834 -179.852
-179.845 -179.852
-179.85 -179.852
-179.835 -179.851
-179.835 -179.851
-179.833 -179.851
-179.833 -179.851
-179.834 -179.85
-179.832 -179.85
-179.845 -179.85
-179.833 -179.849
-179.848 -179.849
-179.835 -179.849
-179.831 -179.849
-179.846 -179.848
-179.834 -179.848
-179.842 -179.848
-179.832 -179.848
-179.832 -179.847
-179.831 -179.847
-179.842 -179.847
-179.834 -179.847
-179.829 -179.847
-179.83 -179.846
-179.83 -179.846
-179.83 -179.846
-179.831 -179.846
-179.831 -179.845
-179.827 -179.845
-179.839 -179.845
-179.839 -179.844
-179.828 -179.844
-179.838 -179.844
-179.827 -179.844
-179.827 -179.843
-179.837 -179.843
-179.825 -179.843
-179.834 -179.843
-179.827 -179.842
-179.838 -179.842
-179.829 -179.842
-179.841 -179.842
-179.837 -179.842
-179.837 -179.841
-179.838 -179.841
-179.833 -179.841
-179.822 -179.841
-179.835 -179.841
-179.827 -179.841
-179.836 -179.841
-179.833 -179.84
-179.821 -179.84
-179.826 -179.84
-179.821 -179.84
-179.831 -179.84
-179.836 -179.84
-179.834 -179.839
-179.822 -179.839
-179.834 -179.839
-179.822 -179.839
-179.834 -179.839
-179.823 -179.839
-179.819 -179.839
-179.821 -179.838
-179.836 -179.838
-179.824 -179.838
-179.833 -179.838
-179.82 -179.838
-179.822 -179.838
-179.834 -179.838
-179.823 -179.838
-179.833 -179.837
-179.833 -179.837
-179.821 -179.837
-179.836 -179.837
-179.82 -179.837
-179.834 -179.837
-179.817 -179.837
-179.818 -179.836
-179.82 -179.836
-179.834 -179.836
-179.822 -179.836
-179.835 -179.835
-179.823 -179.835
-179.819 -179.835
-179.818 -179.835
-179.83 -179.835
-179.828 -179.834
-179.825 -179.833
-179.816 -179.833
-179.825 -179.832
-179.82 -179.83
-179.824 -179.829
-179.818 -179.826
-179.815 -179.824
-179.821 -179.82
-179.809 -179.818
-179.807 -179.815
-179.815 -179.813
-179.796 -179.81
-179.799 -179.809
-179.809 -179.808
-179.793 -179.807
-179.808 -179.806
-179.82 -179.805
-179.816 -179.803
-179.789 -179.801
-179.787 -179.8
-179.788 -179.799
-179.785 -179.798
-179.784 -179.797
-179.783 -179.794
-179.792 -179.791
-179.791 -179.787
-179.765 -179.778
-179.758 -179.776
-179.758 -179.774
-179.758 -179.772
-179.756 -179.77
-179.753 -179.767
-179.765 -179.763
-179.802 -179.757
-179.768 -179.75
-179.75 -179.743
-179.712 -179.731
-179.71 -179.73
-179.71 -179.729
-179.707 -179.729
-179.71 -179.728
-179.707 -179.727
-179.708 -179.727
-179.709 -179.727
-179.707 -179.726
-179.754 -179.726
-179.705 -179.726
-179.708 -179.726
-179.707 -179.725
-179.706 -179.725
-179.706 -179.724
-179.706 -179.724
-179.705 -179.724
-179.702 -179.724
-179.705 -179.723
-179.705 -179.723
-179.703 -179.723
-179.703 -179.722
-179.704 -179.722
-179.701 -179.721
-179.701 -179.721
-179.706 -179.72
-179.701 -179.719
-179.699 -179.718
-179.705 -179.71
-179.74 -179.699
-179.681 -179.696
-179.672 -179.69
-179.672 -179.688
-179.688 -179.687
-179.668 -179.685
-179.684 -179.683
-179.666 -179.683
-179.685 -179.682
-179.684 -179.682
-179.68 -179.681
-179.68 -179.681
-179.679 -179.68
-179.679 -179.68
-179.68 -179.68
-179.669 -179.68
-179.664 -179.679
-179.678 -179.679
-179.677 -179.679
-179.674 -179.678
-179.659 -179.678
-179.68 -179.678
-179.679 -179.677
-179.678 -179.677
-179.676 -179.677
-179.675 -179.676
-179.678 -179.676
-179.675 -179.676
-179.659 -179.675
-179.657 -179.675
-179.678 -179.675
-179.676 -179.674
-179.675 -179.673
-179.675 -179.672
-179.678 -179.669
-179.662 -179.663
-179.658 -179.661
-179.656 -179.658
-179.678 -179.657
-179.653 -179.655
-179.653 -179.653
-179.651 -179.651
-179.646 -179.648
-179.651 -179.646
-179.695 -179.638
-179.634 -179.634
-179.652 -179.626
-179.65 -179.596
-179.572 -179.585
-179.558 -179.569
-179.547 -179.562
-179.548 -179.561
-179.548 -179.56
-179.598 -179.559
-179.543 -179.558
-179.548 -179.558
-179.546 -179.557
-179.547 -179.557
-179.548 -179.557
-179.553 -179.556
-179.553 -179.556
-179.544 -179.556
-179.544 -179.556
-179.553 -179.555
-179.552 -179.555
-179.554 -179.555
-179.547 -179.555
-179.552 -179.554
-179.548 -179.554
-179.551 -179.554
-179.548 -179.554
-179.55 -179.553
-179.551 -179.553
-179.548 -179.553
-179.542 -179.552
-179.542 -179.552
-179.549 -179.551
-179.574 -179.545
-179.571 -179.541
-179.534 -179.54
-179.527 -179.538
-179.562 -179.536
-179.527 -179.534
-179.52 -179.531
-179.525 -179.529
-179.523 -179.528
-179.575 -179.526
-179.514 -179.52
-179.521 -179.506
-179.535 -179.497
-179.553 -179.492
-179.502 -179.473
-179.5 -179.466
-179.509 -179.455
-179.487 -179.435
-179.452 -179.42
-179.46 -179.397
-179.444 -179.381
-179.398 -179.367
-179.403 -179.358
-179.341 -179.342
-179.404 -179.326
-179.363 -179.31
-179.341 -179.295
-179.369 -179.283
-179.348 -179.271
-179.316 -179.243
-179.265 -179.207
-179.229 -179.154
-179.202 -179.134
-179.109 -179.008
-114.5 -114.502
-114.495 -114.496
-114.479 -114.495
-114.488 -114.492
-114.49 -114.491
-114.482 -114.49
-114.497 -114.489
-114.484 -114.488
-114.493 -114.486
-114.482 -114.485
-114.488 -114.484
-114.487 -114.483
-114.489 -114.483
-114.483 -114.482
-114.484 -114.481
-114.47 -114.48
-114.462 -114.479
-114.466 -114.479
-114.481 -114.478
-114.468 -114.478
-114.471 -114.477
-114.478 -114.476
-114.466 -114.476
-114.472 -114.475
-114.472 -114.475
-114.467 -114.474
-114.473 -114.472
-114.468 -114.472
-114.47 -114.471
-114.458 -114.47
-114.456 -114.468
-114.447 -114.466
-114.445 -114.462
-114.441 -114.459
-114.438 -114.408
-113.473 -113.558
-112.926 -112.95
-112.787 -112.758
-112.625 -112.58
-111.876 -111.819
-186.661 -186.665
-186.656 -186.664
-186.656 -186.663
-186.656 -186.662
-186.665 -186.662
-186.657 -186.662
-186.653 -186.661
-186.655 -186.661
-186.657 -186.661
-186.664 -186.661
-186.666 -186.66
-186.655 -186.66
-186.656 -186.66
-186.662 -186.66
-186.661 -186.66
-186.658 -186.659
-186.656 -186.659
-186.652 -186.659
-186.65 -186.659
-186.651 -186.659
-186.653 -186.658
-186.657 -186.658
-186.655 -186.658
-186.661 -186.658
-186.652 -186.658
-186.649 -186.657
-186.654 -186.657
-186.656 -186.657
-186.65 -186.657
-186.649 -186.656
-186.663 -186.656
-186.654 -186.656
-186.65 -186.656
-186.648 -186.655
-186.657 -186.655
-186.66 -186.655
-186.661 -186.654
-186.645 -186.654
-186.646 -186.654
-186.656 -186.653
-186.654 -186.653
-186.646 -186.653
-186.645 -186.653
-186.651 -186.652
-186.65 -186.652
-186.645 -186.651
-186.648 -186.651
-186.643 -186.651
-186.646 -186.651
-186.643 -186.65
-186.644 -186.65
-186.644 -186.65
-186.645 -186.649
-186.648 -186.649
-186.646 -186.649
-186.65 -186.649
-186.649 -186.648
-186.65 -186.648
-186.64 -186.647
-186.639 -186.647
-186.644 -186.647
-186.647 -186.647
-186.647 -186.646
-186.65 -186.646
-186.639 -186.646
-186.643 -186.646
-186.641 -186.645
-186.65 -186.645
-186.642 -186.645
-186.639 -186.644
-186.641 -186.644
-186.638 -186.644
-186.637 -186.644
-186.64 -186.644
-186.642 -186.644
-186.639 -186.643
-186.636 -186.643
-186.636 -186.643
-186.638 -186.643
-186.642 -186.642
-186.636 -186.642
-186.638 -186.642
-186.647 -186.642
-186.636 -186.642
-186.64 -186.642
-186.633 -186.642
-186.636 -186.641
-186.63 -186.641
-186.633 -186.641
-186.638 -186.641
-186.645 -186.641
-186.635 -186.64
-186.641 -186.64
-186.635 -186.64
-186.632 -186.64
-186.642 -186.639
-186.642 -186.638
-186.637 -186.637
-186.636 -186.636
-186.641 -186.636
-186.638 -186.635
-186.628 -186.634
-186.641 -186.632
-186.636 -186.632
-186.634 -186.631
-186.634 -186.63
-186.627 -186.629
-186.632 -186.628
-186.63 -186.627
-186.622 -186.625
-186.632 -186.623
-186.624 -186.62
-186.605 -186.614
-186.613 -186.611
-186.607 -186.606
-186.629 -186.6
-186.597 -186.596
-186.625 -186.592
-186.626 -186.591
-186.594 -186.589
-186.605 -186.588
-186.611 -186.588
-186.612 -186.586
-186.585 -186.584
-186.62 -186.584
-186.628 -186.582
-186.59 -186.581
-186.587 -186.58
-186.597 -186.579
-186.577 -186.577
-186.576 -186.577
-186.609 -186.576
-186.579 -186.575
-186.574 -186.574
-186.574 -186.572
-186.566 -186.571
-186.57 -186.57
-186.569 -186.569
-186.569 -186.567
-186.569 -186.566
-186.555 -186.564
-186.563 -186.563
-186.564 -186.562
-186.565 -186.561
-186.552 -186.559
-186.551 -186.557
-186.561 -186.556
-186.556 -186.555
-186.549 -186.554
-186.556 -186.553
-186.546 -186.552
-186.547 -186.551
-186.551 -186.551
-186.554 -186.55
-186.553 -186.549
-186.551 -186.548
-186.549 -186.548
-186.546 -186.547
-186.547 -186.546
-186.539 -186.546
-186.548 -186.545
-186.538 -186.545
-186.55 -186.544
-186.548 -186.543
-186.537 -186.543
-186.541 -186.542
-186.535 -186.541
-186.535 -186.54
-186.534 -186.54
-186.543 -186.54
-186.542 -186.538
-186.545 -186.538
-186.531 -186.537
-186.539 -186.536
-186.538 -186.536
-186.531 -186.535
-186.527 -186.534
-186.54 -186.534
-186.536 -186.534
-186.536 -186.533
-186.526 -186.532
-186.537 -186.532
-186.524 -186.531
-186.524 -186.53
-186.522 -186.53
-186.534 -186.529
-186.524 -186.528
-186.534 -186.527
-186.52 -186.526
-186.525 -186.525
-186.52 -186.525
-186.519 -186.524
-186.517 -186.523
-186.518 -186.522
-186.515 -186.522
-186.523 -186.521
-186.514 -186.519
-186.515 -186.518
-186.518 -186.516
-186.512 -186.515
-186.509 -186.514
-186.52 -186.513
-186.512 -186.511
-186.503 -186.509
-186.502 -186.505
-186.501 -186.504
-186.509 -186.503
-186.502 -186.501
-186.494 -186.5
-186.467 -186.499
-186.505 -186.497
-186.486 -186.497
-186.492 -186.496
-186.496 -186.495
-186.492 -186.494
-186.497 -186.493
-186.483 -186.492
-186.48 -186.492
-186.482 -186.492
-186.497 -186.492
-186.48 -186.491
-186.482 -186.49
-186.48 -186.49
-186.487 -186.489
-186.492 -186.488
-186.497 -186.487
-186.477 -186.487
-186.497 -186.486
-186.484 -186.486
-186.48 -186.485
-186.474 -186.484
-186.48 -186.483
-186.482 -186.482
-186.479 -186.482
-186.477 -186.481
-186.482 -186.481
-186.475 -186.48
-186.469 -186.479
-186.471 -186.478
-186.48 -186.477
-186.469 -186.475
-186.473 -186.474
-186.473 -186.473
-186.472 -186.47
-186.47 -186.468
-186.469 -186.466
-186.458 -186.461
-186.452 -186.457
-186.453 -186.456
-186.461 -186.456
-186.451 -186.453
-186.45 -186.453
-186.448 -186.451
-186.448 -186.451
-186.447 -186.45
-186.451 -186.45
-186.448 -186.449
-186.448 -186.449
-186.447 -186.447
-186.444 -186.445
-186.438 -186.444
-186.445 -186.443
-186.446 -186.443
-186.444 -186.441
-186.429 -186.439
-186.438 -186.438
-186.432 -186.437
-186.438 -186.435
-186.43 -186.434
-186.438 -186.433
-186.44 -186.433
-186.437 -186.431
-186.44 -186.43
-186.431 -186.429
-186.436 -186.428
-186.432 -186.427
-186.43 -186.427
-186.432 -186.425
-186.431 -186.424
-186.433 -186.423
-186.423 -186.422
-186.43 -186.42
-186.426 -186.417
-186.413 -186.416
-186.424 -186.414
-186.41 -186.413
-186.422 -186.413
-186.401 -186.412
-186.407 -186.411
-186.406 -186.409
-186.371 -186.408
-186.407 -186.408
-186.407 -186.406
-186.401 -186.405
-186.388 -186.404
-186.402 -186.404
-186.385 -186.403
-186.398 -186.402
-186.398 -186.4
-186.395 -186.399
-186.397 -186.398
-186.393 -186.396
-186.393 -186.395
-186.393 -186.394
-186.391 -186.392
-186.388 -186.391
-186.387 -186.39
-186.389 -186.39
-186.384 -186.388
-186.381 -186.387
-186.38 -186.386
-186.38 -186.384
-186.379 -186.382
-186.376 -186.382
-186.377 -186.381
-186.377 -186.38
-186.375 -186.378
-186.373 -186.376
-186.371 -186.374
-186.367 -186.373
-186.366 -186.371
-186.366 -186.37
-186.367 -186.368
-186.365 -186.367
-186.364 -186.365
-186.365 -186.363
-186.354 -186.361
-186.349 -186.36
-186.358 -186.358
-186.351 -186.356
-186.349 -186.354
-186.351 -186.354
-186.341 -186.353
-186.347 -186.352
-186.341 -186.351
-186.347 -186.351
-186.343 -186.35
-186.343 -186.35
-186.344 -186.349
-186.342 -186.348
-186.345 -186.347
-186.341 -186.346
-186.337 -186.345
-186.343 -186.344
-186.339 -186.343
-186.341 -186.342
-186.346 -186.342
-186.334 -186.341
-186.326 -186.34
-186.347 -186.339
-186.33 -186.337
-186.337 -186.337
-186.345 -186.336
-186.354 -186.335
-186.339 -186.334
-186.342 -186.332
-186.331 -186.331
-186.346 -186.329
-186.325 -186.329
-186.322 -186.328
-186.331 -186.326
-186.32 -186.325
-186.324 -186.324
-186.336 -186.323
-186.319 -186.321
-186.334 -186.317
-186.304 -186.316
-186.315 -186.315
-186.344 -186.314
-186.307 -186.312
-186.324 -186.311
-186.304 -186.309
-186.304 -186.309
-186.3 -186.308
-186.299 -186.307
-186.298 -186.306
-186.299 -186.305
-186.3 -186.305
-186.298 -186.304
-186.296 -186.303
-186.293 -186.302
-186.315 -186.301
-186.315 -186.301
-186.291 -186.3
-186.294 -186.3
-186.308 -186.299
-186.293 -186.298
-186.304 -186.298
-186.289 -186.297
-186.293 -186.296
-186.289 -186.295
-186.29 -186.294
-186.287 -186.293
-186.284 -186.292
-186.286 -186.292
-186.282 -186.291
-186.28 -186.289
-186.287 -186.288
-186.305 -186.287
-186.278 -186.285
-186.276 -186.284
-186.278 -186.283
-186.28 -186.281
-186.268 -186.275
-186.251 -186.269
-186.263 -186.259
-186.242 -186.245
-186.231 -186.236
-186.226 -186.23
-186.227 -186.223
-186.196 -186.2
-186.189 -186.186
-186.158 -186.165
-186.115 -186.132
-186.072 -186.068
-182.965 -183.002
-182.855 -182.819
-181.864 -181.866
-181.864 -181.865
-181.862 -181.864
-181.863 -181.864
-181.86 -181.864
-181.857 -181.863
-181.857 -181.863
-181.856 -181.862
-181.864 -181.862
-181.863 -181.861
-181.86 -181.861
-181.859 -181.861
-181.86 -181.86
-181.859 -181.86
-181.856 -181.86
-181.86 -181.859
-181.862 -181.859
-181.857 -181.859
-181.861 -181.859
-181.861 -181.858
-181.86 -181.858
-181.852 -181.857
-181.855 -181.857
-181.859 -181.857
-181.854 -181.856
-181.852 -181.855
-181.853 -181.854
-181.843 -181.843
-181.836 -181.835
-181.833 -181.832
-181.836 -181.831
-181.834 -181.829
-181.831 -181.826
-181.828 -181.824
-181.835 -181.823
-181.834 -181.822
-181.819 -181.821
-181.83 -181.82
-181.824 -181.819
-181.826 -181.819
-181.827 -181.818
-181.827 -181.818
-181.823 -181.817
-181.827 -181.817
-181.825 -181.816
-181.827 -181.815
-181.826 -181.815
-181.816 -181.812
-181.816 -181.788
-181.781 -181.767
-181.752 -181.734
-181.794 -181.713
-181.76 -181.692
-181.768 -181.643
-181.671 -181.613
-181.679 -181.595
-181.613 -181.588
-181.604 -181.584
-181.604 -181.58
-181.601 -181.574
-181.588 -181.567
-181.587 -181.559
-181.607 -181.533
-181.598 -181.515
-181.51 -181.474
-181.457 -181.423
-181.481 -181.388
-181.399 -181.327
-179.902 -179.91
-179.888 -179.895
-179.89 -179.894
-179.886 -179.893
-179.888 -179.892
-179.888 -179.891
-179.883 -179.89
-179.884 -179.889
-179.883 -179.889
-179.884 -179.888
-179.883 -179.888
-179.884 -179.887
-179.881 -179.886
-179.879 -179.885
-179.88 -179.885
-179.876 -179.884
-179.88 -179.883
-179.878 -179.883
-179.877 -179.882
-179.875 -179.88
-179.873 -179.877
-179.861 -179.864
-179.858 -179.861
-179.857 -179.861
-179.857 -179.86
-179.855 -179.859
-179.856 -179.859
-179.853 -179.858
-179.859 -179.858
-179.854 -179.857
-179.854 -179.857
-179.853 -179.857
-179.839 -179.856
-179.852 -179.856
-179.854 -179.856
-179.839 -179.855
-179.851 -179.855
-179.85 -179.855
-179.852 -179.854
-179.853 -179.854
-179.852 -179.854
-179.836 -179.853
-179.849 -179.853
-179.845 -179.853
-179.836 -179.852
-179.851 -179.852
-179.849 -179.852
-179.835 -179.852
-179.834 -179.852
-179.849 -179.851
-179.835 -179.851
-179.835 -179.851
-179.848 -179.851
-179.835 -179.85
-179.85 -179.85
-179.833 -179.85
-179.834 -179.849
-179.836 -179.849
-179.83 -179.849
-179.83 -179.849
-179.833 -179.848
-179.835 -179.848
-179.832 -179.848
-179.83 -179.848
-179.831 -179.847
-179.846 -179.847
-179.829 -179.847
-179.829 -179.847
-179.838 -179.847
-179.842 -179.846
-179.843 -179.846
-179.83 -179.846
-179.839 -179.845
-179.831 -179.845
-179.84 -179.845
-179.828 -179.845
-179.839 -179.844
-179.828 -179.844
-179.828 -179.844
-179.838 -179.844
-179.826 -179.843
-179.838 -179.843
-179.831 -179.843
-179.834 -179.843
-179.837 -179.842
-179.839 -179.842
-179.824 -179.842
-179.834 -179.842
-179.825 -179.842
-179.835 -179.841
-179.836 -179.841
-179.834 -179.841
-179.832 -179.841
-179.821 -179.841
-179.833 -179.841
-179.824 -179.841
-179.832 -179.84
-179.823 -179.84
-179.833 -179.84
-179.823 -179.84
-179.836 -179.84
-179.826 -179.84
-179.833 -179.839
-179.838 -179.839
-179.834 -179.839
-179.834 -179.839
-179.823 -179.839
-179.827 -179.839
-179.819 -179.839
-179.821 -179.838
-179.836 -179.838
-179.819 -179.838
-179.835 -179.838
-179.833 -179.838
-179.836 -179.838
-179.824 -179.838
-179.818 -179.838
-179.832 -179.837
-179.83 -179.837
-179.834 -179.837
-179.818 -179.837
-179.819 -179.837
-179.83 -179.837
-179.82 -179.837
-179.829 -179.836
-179.832 -179.836
-179.835 -179.836
-179.819 -179.836
-179.818 -179.835
-179.82 -179.835
-179.831 -179.835
-179.818 -179.835
-179.817 -179.834
-179.817 -179.834
-179.817 -179.833
-179.821 -179.833
-179.82 -179.831
-179.824 -179.83
-179.84 -179.827
-179.821 -179.826
-179.814 -179.823
-179.819 -179.82
-179.836 -179.817
-179.831 -179.815
-179.817 -179.813
-179.797 -179.81
-179.818 -179.809
-179.802 -179.808
-179.798 -179.807
-179.792 -179.806
-179.792 -179.805
-179.803 -179.803
-179.803 -179.801
-179.79 -179.8
-179.788 -179.799
-179.786 -179.798
-179.786 -179.797
-179.798 -179.794
-179.778 -179.791
-179.77 -179.784
-179.761 -179.777
-179.794 -179.775
-179.758 -179.774
-179.783 -179.772
-179.755 -179.77
-179.755 -179.767
-179.75 -179.762
-179.762 -179.757
-179.805 -179.75
-179.781 -179.742
-179.711 -179.731
-179.71 -179.729
-179.709 -179.729
-179.709 -179.728
-179.71 -179.728
-179.71 -179.727
-179.708 -179.727
-179.705 -179.727
-179.707 -179.726
-179.706 -179.726
-179.707 -179.726
-179.706 -179.726
-179.707 -179.725
-179.703 -179.725
-179.706 -179.724
-179.703 -179.724
-179.705 -179.724
-179.705 -179.724
-179.705 -179.723
-179.703 -179.723
-179.704 -179.723
-179.703 -179.722
-179.704 -179.722
-179.705 -179.721
-179.701 -179.721
-179.701 -179.72
-179.7 -179.719
-179.697 -179.717
-179.743 -179.707
-179.728 -179.697
-179.731 -179.693
-179.681 -179.69
-179.67 -179.688
-179.672 -179.687
-179.681 -179.685
-179.681 -179.683
-179.666 -179.683
-179.681 -179.682
-179.684 -179.682
-179.668 -179.681
-179.718 -179.681
-179.679 -179.68
-179.678 -179.68
-179.684 -179.68
-179.677 -179.679
-179.678 -179.679
-179.676 -179.679
-179.682 -179.679
-179.663 -179.678
-179.678 -179.678
-179.678 -179.678
-179.68 -179.677
-179.679 -179.677
-179.678 -179.677
-179.674 -179.676
-179.662 -179.676
-179.671 -179.676
-179.675 -179.675
-179.677 -179.675
-179.673 -179.675
-179.677 -179.674
-179.66 -179.673
-179.674 -179.672
-179.688 -179.669
-179.66 -179.662
-179.66 -179.661
-179.657 -179.658
-179.656 -179.656
-179.653 -179.655
-179.667 -179.653
-179.65 -179.651
-179.646 -179.648
-179.649 -179.644
-179.642 -179.637
-179.672 -179.633
-179.704 -179.625
-179.637 -179.593
-179.631 -179.584
-179.562 -179.568
-179.546 -179.562
-179.545 -179.561
-179.547 -179.559
-179.548 -179.559
-179.544 -179.558
-179.548 -179.558
-179.547 -179.557
-179.547 -179.557
-179.554 -179.557
-179.554 -179.556
-179.548 -179.556
-179.553 -179.556
-179.544 -179.556
-179.553 -179.555
-179.545 -179.555
-179.544 -179.555
-179.545 -179.555
-179.545 -179.554
-179.548 -179.554
-179.544 -179.554
-179.551 -179.554
-179.543 -179.553
-179.552 -179.553
-179.542 -179.553
-179.55 -179.552
-179.548 -179.552
-179.58 -179.551
-179.57 -179.545
-179.595 -179.541
-179.531 -179.54
-179.531 -179.538
-179.528 -179.535
-179.525 -179.533
-179.521 -179.531
-179.536 -179.529
-179.583 -179.528
-179.574 -179.524
-179.562 -179.519
-179.549 -179.503
-179.532 -179.496
-179.477 -179.487
-179.491 -179.473
-179.478 -179.465
-179.525 -179.454
-179.482 -179.434
-179.46 -179.42
-179.441 -179.396
-179.414 -179.38
-179.435 -179.367
-179.424 -179.358
-179.381 -179.337
-179.406 -179.324
-179.345 -179.305
-179.341 -179.294
-179.343 -179.281
-179.318 -179.27
-179.238 -179.238
-179.269 -179.205
-179.225 -179.15
-179.172 -179.12
-179.029 -178.985
-114.496 -114.501
-114.48 -114.496
-114.478 -114.494
-114.493 -114.492
-114.484 -114.491
-114.485 -114.49
-114.478 -114.488
-114.495 -114.487
-114.486 -114.486
-114.477 -114.484
-114.488 -114.484
-114.483 -114.483
-114.484 -114.483
-114.476 -114.482
-114.485 -114.481
-114.483 -114.48
-114.486 -114.479
-114.483 -114.479
-114.474 -114.478
-114.475 -114.478
-114.474 -114.477
-114.481 -114.476
-114.475 -114.476
-114.476 -114.475
-114.457 -114.475
-114.465 -114.473
-114.47 -114.472
-114.466 -114.472
-114.474 -114.471
-114.471 -114.47
-114.465 -114.467
-114.463 -114.465
-114.462 -114.461
-114.44 -114.459
-114.4 -114.405
-113.397 -113.396
-113.036 -112.933
-112.758 -112.744
-112.462 -112.562
-186.665 -186.664
-186.66 -186.663
-186.657 -186.663
-186.655 -186.662
-186.655 -186.662
-186.664 -186.662
-186.663 -186.661
-186.655 -186.661
-186.655 -186.661
-186.656 -186.661
-186.659 -186.66
-186.665 -186.66
-186.654 -186.66
-186.652 -186.66
-186.652 -186.66
-186.658 -186.659
-186.652 -186.659
-186.664 -186.659
-186.652 -186.659
-186.654 -186.659
-186.66 -186.658
-186.655 -186.658
-186.659 -186.658
-186.66 -186.658
-186.654 -186.658
-186.657 -186.657
-186.662 -186.657
-186.662 -186.657
-186.65 -186.657
-186.656 -186.656
-186.65 -186.656
-186.658 -186.656
-186.653 -186.656
-186.652 -186.655
-186.651 -186.655
-186.65 -186.655
-186.654 -186.654
-186.654 -186.654
-186.658 -186.654
-186.647 -186.653
-186.65 -186.653
-186.647 -186.653
-186.646 -186.652
-186.646 -186.652
-186.657 -186.652
-186.646 -186.651
-186.643 -186.651
-186.653 -186.651
-186.647 -186.651
-186.644 -186.65
-186.643 -186.65
-186.652 -186.65
-186.643 -186.649
-186.654 -186.649
-186.649 -186.649
-186.645 -186.649
-186.644 -186.648
-186.645 -186.648
-186.652 -186.647
-186.647 -186.647
-186.641 -186.647
-186.652 -186.647
-186.648 -186.646
-186.648 -186.646
-186.64 -186.646
-186.639 -186.646
-186.638 -186.645
-186.636 -186.645
-186.641 -186.645
-186.638 -186.644
-186.647 -186.644
-186.65 -186.644
-186.637 -186.644
-186.643 -186.644
-186.635 -186.643
-186.64 -186.643
-186.636 -186.643
-186.648 -186.643
-186.636 -186.643
-186.642 -186.642
-186.639 -186.642
-186.635 -186.642
-186.637 -186.642
-186.641 -186.642
-186.637 -186.642
-186.636 -186.642
-186.634 -186.641
-186.639 -186.641
-186.634 -186.641
-186.635 -186.641
-186.643 -186.641
-186.633 -186.64
-186.635 -186.64
-186.632 -186.64
-186.645 -186.64
-186.645 -186.639
-186.638 -186.638
-186.631 -186.637
-186.646 -186.636
-186.641 -186.636
-186.64 -186.635
-186.627 -186.634
-186.625 -186.632
-186.638 -186.631
-186.636 -186.63
-186.638 -186.629
-186.632 -186.629
-186.632 -186.628
-186.629 -186.626
-186.623 -186.625
-186.631 -186.622
-186.623 -186.619
-186.603 -186.614
-186.611 -186.61
-186.609 -186.606
-186.626 -186.599
-186.632 -186.594
-186.582 -186.592
-186.584 -186.591
-186.628 -186.589
-186.613 -186.588
-186.598 -186.588
-186.598 -186.586
-186.582 -186.584
-186.585 -186.584
-186.62 -186.582
-186.581 -186.581
-186.62 -186.58
-186.588 -186.579
-186.585 -186.577
-186.578 -186.577
-186.576 -186.576
-186.616 -186.575
-186.575 -186.573
-186.577 -186.572
-186.571 -186.57
-186.559 -186.569
-186.57 -186.568
-186.573 -186.567
-186.559 -186.566
-186.556 -186.563
-186.565 -186.563
-186.564 -186.562
-186.559 -186.561
-186.563 -186.558
-186.561 -186.557
-186.559 -186.556
-186.544 -186.555
-186.557 -186.554
-186.545 -186.553
-186.547 -186.552
-186.546 -186.551
-186.554 -186.55
-186.553 -186.55
-186.552 -186.549
-186.552 -186.548
-186.549 -186.547
-186.551 -186.547
-186.55 -186.546
-186.539 -186.546
-186.538 -186.545
-186.541 -186.545
-186.537 -186.544
-186.538 -186.543
-186.536 -186.542
-186.544 -186.541
-186.533 -186.541
-186.537 -186.54
-186.545 -186.54
-186.533 -186.539
-186.532 -186.538
-186.538 -186.538
-186.538 -186.537
-186.529 -186.536
-186.541 -186.535
-186.529 -186.535
-186.54 -186.534
-186.527 -186.534
-186.537 -186.534
-186.529 -186.533
-186.526 -186.532
-186.533 -186.532
-186.525 -186.531
-186.534 -186.53
-186.535 -186.53
-186.523 -186.528
-186.522 -186.528
-186.521 -186.527
-186.529 -186.526
-186.518 -186.525
-186.518 -186.525
-186.521 -186.524
-186.519 -186.523
-186.524 -186.522
-186.521 -186.522
-186.517 -186.521
-186.516 -186.519
-186.523 -186.518
-186.511 -186.516
-186.511 -186.515
-186.516 -186.514
-186.512 -186.513
-186.507 -186.51
-186.505 -186.508
-186.507 -186.505
-186.5 -186.504
-186.503 -186.503
-186.498 -186.501
-186.491 -186.5
-186.49 -186.498
-186.496 -186.497
-186.486 -186.497
-186.498 -186.496
-186.494 -186.495
-186.497 -186.494
-186.484 -186.493
-186.483 -186.492
-186.483 -186.492
-186.489 -186.492
-186.497 -186.491
-186.497 -186.491
-186.48 -186.49
-186.48 -186.489
-186.482 -186.489
-186.492 -186.488
-186.472 -186.487
-186.483 -186.487
-186.484 -186.486
-186.478 -186.486
-186.497 -186.485
-186.483 -186.484
-186.48 -186.483
-186.478 -186.482
-186.472 -186.482
-186.478 -186.481
-186.471 -186.481
-186.474 -186.48
-186.469 -186.479
-186.48 -186.478
-186.468 -186.477
-186.469 -186.475
-186.469 -186.474
-186.454 -186.473
-186.464 -186.47
-186.466 -186.467
-186.462 -186.465
-186.458 -186.461
-186.45 -186.457
-186.454 -186.456
-186.452 -186.456
-186.451 -186.453
-186.451 -186.452
-186.45 -186.451
-186.451 -186.451
-186.448 -186.45
-186.445 -186.45
-186.45 -186.449
-186.445 -186.449
-186.449 -186.447
-186.442 -186.445
-186.439 -186.444
-186.441 -186.443
-186.446 -186.442
-186.436 -186.441
-186.436 -186.439
-186.442 -186.438
-186.436 -186.437
-186.443 -186.435
-186.431 -186.434
-186.437 -186.433
-186.438 -186.433
-186.428 -186.431
-186.435 -186.43
-186.434 -186.429
-186.436 -186.428
-186.429 -186.427
-186.434 -186.426
-186.428 -186.425
-186.432 -186.424
-186.431 -186.423
-186.422 -186.422
-186.427 -186.419
-186.426 -186.417
-186.409 -186.416
-186.424 -186.414
-186.412 -186.413
-186.407 -186.413
-186.421 -186.411
-186.412 -186.411
-186.407 -186.409
-186.406 -186.408
-186.407 -186.407
-186.403 -186.406
-186.4 -186.405
-186.403 -186.404
-186.4 -186.404
-186.398 -186.403
-186.4 -186.402
-186.395 -186.4
-186.399 -186.399
-186.393 -186.398
-186.391 -186.396
-186.39 -186.395
-186.383 -186.393
-186.39 -186.392
-186.388 -186.391
-186.39 -186.39
-186.384 -186.389
-186.383 -186.388
-186.387 -186.387
-186.384 -186.385
-186.379 -186.384
-186.379 -186.382
-186.377 -186.381
-186.377 -186.381
-186.374 -186.38
-186.375 -186.378
-186.376 -186.376
-186.373 -186.374
-186.369 -186.373
-186.365 -186.371
-186.358 -186.37
-186.366 -186.368
-186.367 -186.367
-186.355 -186.365
-186.354 -186.363
-186.357 -186.361
-186.359 -186.359
-186.353 -186.358
-186.364 -186.356
-186.349 -186.354
-186.362 -186.353
-186.361 -186.353
-186.347 -186.352
-186.344 -186.351
-186.347 -186.35
-186.34 -186.35
-186.35 -186.349
-186.344 -186.348
-186.345 -186.347
-186.338 -186.347
-186.345 -186.346
-186.347 -186.345
-186.34 -186.344
-186.355 -186.343
-186.338 -186.342
-186.341 -186.342
-186.337 -186.341
-186.337 -186.34
-186.339 -186.339
-186.339 -186.337
-186.336 -186.337
-186.331 -186.336
-186.314 -186.334
-186.33 -186.333
-186.325 -186.332
-186.327 -186.33
-186.326 -186.329
-186.325 -186.329
-186.313 -186.328
-186.319 -186.326
-186.317 -186.325
-186.317 -186.324
-186.34 -186.322
-186.328 -186.321
-186.303 -186.317
-186.307 -186.316
-186.308 -186.315
-186.308 -186.313
-186.303 -186.311
-186.305 -186.311
-186.303 -186.309
-186.299 -186.309
-186.298 -186.308
-186.299 -186.307
-186.295 -186.306
-186.295 -186.305
-186.299 -186.305
-186.311 -186.304
-186.292 -186.303
-186.291 -186.302
-186.315 -186.301
-186.313 -186.301
-186.311 -186.3
-186.309 -186.299
-186.29 -186.299
-186.293 -186.298
-186.291 -186.297
-186.297 -186.297
-186.286 -186.296
-186.285 -186.295
-186.286 -186.294
-186.286 -186.293
-186.288 -186.292
-186.286 -186.292
-186.284 -186.29
-186.282 -186.289
-186.282 -186.288
-186.28 -186.286
-186.28 -186.285
-186.277 -186.284
-186.277 -186.283
-186.278 -186.281
-186.266 -186.272
-186.26 -186.268
-186.248 -186.256
-186.245 -186.243
-186.247 -186.236
-186.236 -186.229
-186.224 -186.216
-186.189 -186.199
-186.182 -186.181
-186.155 -186.158
-186.152 -186.131
-186.051 -186.042
-182.898 -182.999
-182.746 -182.749
-181.864 -181.865
-181.862 -181.865
-181.865 -181.864
-181.865 -181.864
-181.861 -181.863
-181.863 -181.863
-181.857 -181.863
-181.86 -181.862
-181.862 -181.862
-181.863 -181.861
-181.862 -181.861
-181.86 -181.861
-181.858 -181.86
-181.858 -181.86
-181.861 -181.86
-181.856 -181.859
-181.857 -181.859
-181.855 -181.859
-181.858 -181.859
-181.861 -181.858
-181.855 -181.858
-181.857 -181.857
-181.86 -181.857
-181.857 -181.857
-181.856 -181.856
-181.854 -181.855
-181.853 -181.854
-181.839 -181.84
-181.838 -181.835
-181.837 -181.832
-181.834 -181.831
-181.83 -181.829
-181.83 -181.826
-181.834 -181.824
-181.835 -181.823
-181.829 -181.821
-181.822 -181.82
-181.824 -181.82
-181.824 -181.819
-181.831 -181.818
-181.828 -181.818
-181.827 -181.818
-181.829 -181.817
-181.824 -181.816
-181.826 -181.816
-181.822 -181.815
-181.825 -181.815
-181.819 -181.81
-181.796 -181.784
-181.823 -181.766
-181.788 -181.731
-181.78 -181.701
-181.738 -181.685
-181.709 -181.643
-181.665 -181.61
-181.617 -181.594
-181.66 -181.587
-181.604 -181.581
-181.647 -181.58
-181.596 -181.573
-181.592 -181.567
-181.584 -181.559
-181.559 -181.532
-181.56 -181.508
-181.54 -181.467
-181.481 -181.419
-181.452 -181.383
-181.329 -181.259
-179.89 -179.898
-179.887 -179.895
-179.887 -179.894
-179.886 -179.892
-179.889 -179.892
-179.886 -179.891
-179.887 -179.89
-179.882 -179.889
-179.884 -179.889
-179.883 -179.888
-179.882 -179.887
-179.883 -179.887
-179.879 -179.886
-179.878 -179.885
-179.882 -179.884
-179.878 -179.884
-179.879 -179.883
-179.882 -179.883
-179.877 -179.882
-179.87 -179.88
-179.868 -179.876
-179.858 -179.864
-179.858 -179.861
-179.855 -179.86
-179.856 -179.86
-179.856 -179.859
-179.855 -179.858
-179.854 -179.858
-179.855 -179.858
-179.855 -179.857
-179.854 -179.857
-179.853 -179.857
-179.853 -179.856
-179.853 -179.856
-179.839 -179.856
-179.841 -179.855
-179.851 -179.855
-179.85 -179.855
-179.837 -179.854
-179.851 -179.854
-179.836 -179.854
-179.851 -179.853
-179.853 -179.853
-179.851 -179.853
-179.845 -179.852
-179.835 -179.852
-179.851 -179.852
-179.848 -179.852
-179.846 -179.852
-179.845 -179.851
-179.835 -179.851
-179.833 -179.851
-179.834 -179.851
-179.848 -179.85
-179.851 -179.85
-179.837 -179.85
-179.833 -179.849
-179.832 -179.849
-179.832 -179.849
-179.834 -179.849
-179.845 -179.848
-179.829 -179.848
-179.842 -179.848
-179.844 -179.848
-179.829 -179.847
-179.83 -179.847
-179.844 -179.847
-179.843 -179.847
-179.833 -179.847
-179.832 -179.846
-179.842 -179.846
-179.842 -179.846
-179.83 -179.845
-179.829 -179.845
-179.829 -179.845
-179.828 -179.845
-179.84 -179.844
-179.843 -179.844
-179.84 -179.844
-179.826 -179.844
-179.827 -179.843
-179.831 -179.843
-179.825 -179.843
-179.829 -179.843
-179.836 -179.842
-179.829 -179.842
-179.84 -179.842
-179.833 -179.842
-179.834 -179.842
-179.826 -179.841
-179.822 -179.841
-179.822 -179.841
-179.836 -179.841
-179.822 -179.841
-179.822 -179.841
-179.821 -179.841
-179.823 -179.84
-179.823 -179.84
-179.835 -179.84
-179.835 -179.84
-179.836 -179.84
-179.835 -179.84
-179.824 -179.839
-179.831 -179.839
-179.824 -179.839
-179.834 -179.839
-179.819 -179.839
-179.835 -179.839
-179.822 -179.839
-179.823 -179.838
-179.819 -179.838
-179.821 -179.838
-179.821 -179.838
-179.819 -179.838
-179.825 -179.838
-179.82 -179.838
-179.818 -179.837
-179.833 -179.837
-179.856 -179.837
-179.835 -179.837
-179.833 -179.837
-179.841 -179.837
-179.832 -179.837
-179.833 -179.837
-179.837 -179.836
-179.828 -179.836
-179.816 -179.836
-179.816 -179.836
-179.833 -179.835
-179.818 -179.835
-179.817 -179.835
-179.832 -179.835
-179.83 -179.834
-179.826 -179.834
-179.817 -179.833
-179.824 -179.833
-179.82 -179.831
-179.81 -179.83
-179.807 -179.827
-179.82 -179.826
-179.803 -179.823
-179.819 -179.819
-179.829 -179.816
-179.818 -179.814
-179.801 -179.812
-179.815 -179.81
-179.811 -179.809
-179.792 -179.808
-179.794 -179.806
-179.813 -179.806
-179.793 -179.805
-179.788 -179.802
-179.802 -179.801
-179.79 -179.8
-179.789 -179.798
-179.788 -179.798
-179.796 -179.797
-179.779 -179.794
-179.79 -179.79
-179.772 -179.784
-179.762 -179.777
-179.83 -179.775
-179.761 -179.774
-179.759 -179.772
-179.759 -179.77
-179.755 -179.767
-179.775 -179.761
-179.734 -179.756
-179.745 -179.75
-179.754 -179.741
-179.761 -179.73
-179.71 -179.729
-179.709 -179.729
-179.71 -179.728
-179.708 -179.728
-179.705 -179.727
-179.708 -179.727
-179.707 -179.727
-179.708 -179.726
-179.707 -179.726
-179.707 -179.726
-179.704 -179.725
-179.707 -179.725
-179.705 -179.725
-179.702 -179.724
-179.702 -179.724
-179.701 -179.724
-179.704 -179.724
-179.704 -179.723
-179.705 -179.723
-179.703 -179.723
-179.703 -179.722
-179.704 -179.722
-179.699 -179.721
-179.701 -179.721
-179.7 -179.72
-179.696 -179.718
-179.697 -179.716
-179.761 -179.707
-179.724 -179.697
-179.689 -179.693
-179.671 -179.689
-179.672 -179.688
-179.672 -179.687
-179.684 -179.684
-179.667 -179.683
-179.684 -179.683
-179.666 -179.682
-179.686 -179.682
-179.75 -179.681
-179.68 -179.681
-179.679 -179.68
-179.683 -179.68
-179.663 -179.68
-179.663 -179.679
-179.681 -179.679
-179.675 -179.679
-179.683 -179.679
-179.678 -179.678
-179.672 -179.678
-179.678 -179.678
-179.678 -179.677
-179.678 -179.677
-179.679 -179.676
-179.661 -179.676
-179.672 -179.676
-179.672 -179.676
-179.67 -179.675
-179.675 -179.675
-179.674 -179.674
-179.674 -179.674
-179.676 -179.673
-179.674 -179.672
-179.651 -179.667
-179.696 -179.662
-179.659 -179.661
-179.67 -179.658
-179.657 -179.656
-179.657 -179.655
-179.654 -179.653
-179.651 -179.651
-179.652 -179.648
-179.667 -179.642
-179.648 -179.636
-179.64 -179.633
-179.626 -179.62
-179.654 -179.591
-179.615 -179.576
-179.597 -179.567
-179.547 -179.562
-179.548 -179.561
-179.547 -179.559
-179.547 -179.559
-179.548 -179.558
-179.543 -179.558
-179.553 -179.557
-179.547 -179.557
-179.554 -179.557
-179.553 -179.556
-179.546 -179.556
-179.553 -179.556
-179.545 -179.556
-179.553 -179.555
-179.544 -179.555
-179.544 -179.555
-179.551 -179.555
-179.545 -179.554
-179.543 -179.554
-179.549 -179.554
-179.549 -179.554
-179.549 -179.553
-179.552 -179.553
-179.55 -179.553
-179.543 -179.552
-179.586 -179.552
-179.61 -179.548
-179.6 -179.545
-179.534 -179.541
-179.533 -179.539
-179.531 -179.537
-179.526 -179.535
-179.527 -179.533
-179.531 -179.531
-179.52 -179.529
-179.52 -179.527
-179.515 -179.523
-179.549 -179.518
-179.542 -179.501
-179.535 -179.494
-179.556 -179.48
-179.49 -179.472
-179.514 -179.465
-179.471 -179.447
-179.497 -179.431
-179.47 -179.417
-179.45 -179.392
-179.431 -179.379
-179.41 -179.364
-179.412 -179.352
-179.427 -179.337
-179.363 -179.322
-179.388 -179.301
-179.3 -179.288
-179.351 -179.281
-179.345 -179.269
-179.318 -179.237
-179.226 -179.186
-179.207 -179.147
-179.185 -179.12
-178.987 -178.909
-114.5 -114.501
-114.496 -114.496
-114.493 -114.494
-114.482 -114.492
-114.485 -114.491
-114.484 -114.49
-114.474 -114.488
-114.472 -114.487
-114.47 -114.486
-114.488 -114.484
-114.486 -114.484
-114.487 -114.483
-114.479 -114.483
-114.465 -114.482
-114.478 -114.481
-114.487 -114.48
-114.476 -114.479
-114.473 -114.479
-114.49 -114.478
-114.486 -114.477
-114.472 -114.477
-114.479 -114.476
-114.481 -114.476
-114.47 -114.475
-114.465 -114.474
-114.472 -114.473
-114.465 -114.472
-114.473 -114.472
-114.468 -114.471
-114.466 -114.47
-114.462 -114.467
-114.447 -114.464
-114.463 -114.461
-114.44 -114.458
-114.132 -114.141
-113.3 -113.259
-112.954 -112.923
-112.727 -112.7
-112.641 -112.547
-186.659 -186.664
-186.671 -186.663
-186.659 -186.663
-186.655 -186.662
-186.655 -186.662
-186.654 -186.662
-186.665 -186.661
-186.652 -186.661
-186.663 -186.661
-186.655 -186.661
-186.654 -186.66
-186.655 -186.66
-186.661 -186.66
-186.659 -186.66
-186.656 -186.66
-186.656 -186.659
-186.656 -186.659
-186.652 -186.659
-186.66 -186.659
-186.664 -186.659
-186.651 -186.658
-186.662 -186.658
-186.651 -186.658
-186.655 -186.658
-186.651 -186.657
-186.651 -186.657
-186.658 -186.657
-186.652 -186.657
-186.661 -186.657
-186.651 -186.656
-186.649 -186.656
-186.651 -186.656
-186.65 -186.656
-186.65 -186.655
-186.649 -186.655
-186.649 -186.654
-186.652 -186.654
-186.648 -186.654
-186.648 -186.654
-186.65 -186.653
-186.65 -186.653
-186.647 -186.653
-186.644 -186.652
-186.657 -186.652
-186.643 -186.652
-186.642 -186.651
-186.65 -186.651
-186.658 -186.651
-186.651 -186.65
-186.655 -186.65
-186.651 -186.65
-186.655 -186.65
-186.654 -186.649
-186.643 -186.649
-186.641 -186.649
-186.652 -186.648
-186.645 -186.648
-186.643 -186.648
-186.641 -186.647
-186.639 -186.647
-186.645 -186.647
-186.641 -186.647
-186.652 -186.646
-186.64 -186.646
-186.646 -186.646
-186.649 -186.646
-186.641 -186.645
-186.65 -186.645
-186.638 -186.645
-186.637 -186.644
-186.641 -186.644
-186.638 -186.644
-186.638 -186.644
-186.638 -186.644
-186.639 -186.643
-186.636 -186.643
-186.641 -186.643
-186.635 -186.643
-186.634 -186.643
-186.648 -186.642
-186.647 -186.642
-186.647 -186.642
-186.647 -186.642
-186.643 -186.642
-186.636 -186.642
-186.639 -186.642
-186.644 -186.641
-186.642 -186.641
-186.642 -186.641
-186.643 -186.641
-186.634 -186.641
-186.635 -186.64
-186.65 -186.64
-186.632 -186.64
-186.633 -186.639
-186.638 -186.639
-186.631 -186.638
-186.63 -186.637
-186.636 -186.636
-186.641 -186.636
-186.654 -186.635
-186.64 -186.634
-186.632 -186.632
-186.645 -186.631
-186.635 -186.63
-186.63 -186.629
-186.632 -186.629
-186.631 -186.628
-186.633 -186.626
-186.624 -186.625
-186.626 -186.622
-186.62 -186.618
-186.614 -186.614
-186.61 -186.61
-186.608 -186.605
-186.631 -186.599
-186.611 -186.593
-186.597 -186.591
-186.592 -186.59
-186.585 -186.589
-186.604 -186.588
-186.628 -186.587
-186.594 -186.586
-186.585 -186.584
-186.628 -186.583
-186.583 -186.582
-186.589 -186.581
-186.572 -186.58
-186.587 -186.578
-186.582 -186.577
-186.581 -186.576
-186.577 -186.576
-186.577 -186.575
-186.57 -186.573
-186.574 -186.572
-186.576 -186.57
-186.57 -186.569
-186.574 -186.568
-186.559 -186.567
-186.57 -186.566
-186.567 -186.563
-186.565 -186.562
-186.562 -186.561
-186.562 -186.56
-186.56 -186.558
-186.551 -186.557
-186.56 -186.556
-186.559 -186.555
-186.555 -186.554
-186.546 -186.553
-186.551 -186.551
-186.553 -186.551
-186.554 -186.55
-186.55 -186.55
-186.552 -186.549
-186.544 -186.548
-186.547 -186.547
-186.54 -186.547
-186.54 -186.546
-186.55 -186.546
-186.547 -186.545
-186.547 -186.545
-186.544 -186.544
-186.536 -186.543
-186.536 -186.542
-186.541 -186.541
-186.542 -186.541
-186.544 -186.54
-186.534 -186.54
-186.533 -186.539
-186.54 -186.538
-186.539 -186.538
-186.533 -186.536
-186.536 -186.536
-186.53 -186.535
-186.539 -186.535
-186.537 -186.534
-186.54 -186.534
-186.538 -186.534
-186.537 -186.533
-186.526 -186.532
-186.526 -186.531
-186.524 -186.531
-186.531 -186.53
-186.529 -186.529
-186.522 -186.528
-186.522 -186.528
-186.521 -186.527
-186.53 -186.526
-186.527 -186.525
-186.529 -186.524
-186.518 -186.524
-186.517 -186.523
-186.516 -186.522
-186.515 -186.522
-186.527 -186.52
-186.515 -186.519
-186.523 -186.517
-186.512 -186.516
-186.522 -186.514
-186.51 -186.514
-186.506 -186.512
-186.505 -186.51
-186.516 -186.508
-186.516 -186.505
-186.506 -186.504
-186.509 -186.503
-186.493 -186.501
-186.492 -186.5
-186.502 -186.498
-186.496 -186.497
-186.494 -186.496
-186.487 -186.496
-186.502 -186.495
-186.49 -186.494
-186.485 -186.493
-186.501 -186.492
-186.491 -186.492
-186.458 -186.492
-186.484 -186.491
-186.492 -186.491
-186.475 -186.49
-186.478 -186.489
-186.476 -186.489
-186.476 -186.488
-186.475 -186.487
-186.478 -186.487
-186.48 -186.486
-186.47 -186.485
-186.49 -186.485
-186.481 -186.484
-186.481 -186.483
-186.484 -186.482
-186.477 -186.482
-186.479 -186.481
-186.474 -186.48
-186.479 -186.48
-186.469 -186.478
-186.471 -186.478
-186.479 -186.477
-186.477 -186.475
-186.482 -186.474
-186.474 -186.472
-186.473 -186.469
-186.462 -186.467
-186.465 -186.465
-186.449 -186.461
-186.454 -186.457
-186.451 -186.456
-186.447 -186.455
-186.452 -186.453
-186.452 -186.452
-186.448 -186.451
-186.443 -186.451
-186.446 -186.45
-186.446 -186.45
-186.447 -186.449
-186.442 -186.449
-186.45 -186.446
-186.447 -186.445
-186.448 -186.444
-186.441 -186.443
-186.433 -186.442
-186.443 -186.441
-186.437 -186.439
-186.442 -186.438
-186.443 -186.437
-186.452 -186.435
-186.43 -186.434
-186.43 -186.433
-186.434 -186.432
-186.426 -186.431
-186.429 -186.43
-186.436 -186.429
-186.436 -186.428
-186.437 -186.427
-186.43 -186.426
-186.432 -186.425
-186.424 -186.424
-186.43 -186.423
-186.432 -186.421
-186.427 -186.418
-186.426 -186.417
-186.412 -186.415
-186.408 -186.414
-186.422 -186.413
-186.422 -186.412
-186.421 -186.411
-186.411 -186.41
-186.413 -186.409
-186.402 -186.408
-186.406 -186.407
-186.408 -186.406
-186.397 -186.405
-186.407 -186.404
-186.4 -186.403
-186.398 -186.402
-186.397 -186.401
-186.395 -186.4
-186.394 -186.399
-186.398 -186.397
-186.395 -186.396
-186.393 -186.395
-186.388 -186.393
-186.387 -186.392
-186.385 -186.391
-186.385 -186.39
-186.391 -186.389
-186.384 -186.388
-186.381 -186.386
-186.388 -186.385
-186.378 -186.383
-186.377 -186.382
-186.383 -186.381
-186.381 -186.381
-186.374 -186.379
-186.371 -186.378
-186.373 -186.376
-186.368 -186.374
-186.369 -186.373
-186.371 -186.371
-186.37 -186.369
-186.368 -186.367
-186.365 -186.367
-186.353 -186.364
-186.363 -186.363
-186.352 -186.361
-186.359 -186.359
-186.348 -186.357
-186.351 -186.355
-186.343 -186.354
-186.343 -186.353
-186.345 -186.352
-186.346 -186.352
-186.348 -186.351
-186.343 -186.35
-186.339 -186.35
-186.342 -186.349
-186.343 -186.348
-186.344 -186.347
-186.35 -186.347
-186.348 -186.346
-186.357 -186.345
-186.337 -186.344
-186.338 -186.343
-186.335 -186.342
-186.352 -186.342
-186.334 -186.341
-186.348 -186.339
-186.331 -186.338
-186.339 -186.337
-186.33 -186.337
-186.331 -186.336
-186.333 -186.334
-186.33 -186.333
-186.328 -186.332
-186.327 -186.33
-186.326 -186.329
-186.327 -186.329
-186.327 -186.327
-186.322 -186.326
-186.318 -186.325
-186.322 -186.324
-186.335 -186.322
-186.319 -186.321
-186.329 -186.317
-186.31 -186.315
-186.308 -186.315
-186.307 -186.313
-186.306 -186.311
-186.302 -186.31
-186.301 -186.309
-186.301 -186.309
-186.303 -186.308
-186.3 -186.307
-186.296 -186.306
-186.302 -186.305
-186.298 -186.305
-186.297 -186.304
-186.316 -186.303
-186.296 -186.302
-186.315 -186.301
-186.309 -186.301
-186.292 -186.3
-186.292 -186.299
-186.31 -186.299
-186.29 -186.298
-186.29 -186.297
-186.291 -186.297
-186.289 -186.296
-186.29 -186.294
-186.291 -186.294
-186.289 -186.293
-186.285 -186.292
-186.287 -186.292
-186.283 -186.29
-186.283 -186.289
-186.299 -186.288
-186.28 -186.286
-186.278 -186.284
-186.278 -186.284
-186.281 -186.283
-186.279 -186.28
-186.264 -186.272
-186.259 -186.264
-186.27 -186.254
-186.28 -186.242
-186.239 -186.235
-186.196 -186.226
-186.206 -186.214
-186.217 -186.196
-186.193 -186.179
-186.131 -186.149
-186.135 -186.128
-186.032 -186.009
-183.021 -182.976
-181.899 -181.903
-181.864 -181.865
-181.866 -181.865
-181.859 -181.864
-181.865 -181.864
-181.862 -181.863
-181.859 -181.863
-181.856 -181.863
-181.857 -181.862
-181.859 -181.862
-181.856 -181.861
-181.862 -181.861
-181.863 -181.861
-181.863 -181.86
-181.856 -181.86
-181.858 -181.86
-181.857 -181.859
-181.861 -181.859
-181.858 -181.859
-181.859 -181.859
-181.856 -181.858
-181.859 -181.858
-181.86 -181.857
-181.853 -181.857
-181.859 -181.856
-181.855 -181.856
-181.853 -181.855
-181.852 -181.854
-181.838 -181.84
-181.834 -181.834
-181.835 -181.832
-181.831 -181.83
-181.831 -181.828
-181.829 -181.825
-181.834 -181.824
-181.835 -181.822
-181.827 -181.821
-181.823 -181.82
-181.83 -181.82
-181.83 -181.819
-181.825 -181.818
-181.829 -181.818
-181.828 -181.817
-181.825 -181.817
-181.825 -181.816
-181.825 -181.816
-181.825 -181.815
-181.824 -181.814
-181.816 -181.807
-181.841 -181.779
-181.824 -181.758
-181.796 -181.725
-181.76 -181.7
-181.725 -181.676
-181.684 -181.642
-181.632 -181.61
-181.613 -181.592
-181.659 -181.586
-181.603 -181.581
-181.599 -181.576
-181.598 -181.573
-181.587 -181.564
-181.575 -181.552
-181.61 -181.53
-181.562 -181.508
-181.505 -181.445
-181.485 -181.41
-181.443 -181.375
-181.291 -181.251
-179.893 -179.897
-179.889 -179.895
-179.888 -179.893
-179.887 -179.892
-179.889 -179.892
-179.888 -179.891
-179.884 -179.89
-179.886 -179.889
-179.883 -179.889
-179.884 -179.888
-179.882 -179.887
-179.883 -179.886
-179.881 -179.886
-179.88 -179.885
-179.88 -179.884
-179.88 -179.883
-179.877 -179.883
-179.874 -179.882
-179.873 -179.881
-179.872 -179.879
-179.868 -179.875
-179.858 -179.863
-179.857 -179.861
-179.858 -179.86
-179.857 -179.86
-179.856 -179.859
-179.856 -179.858
-179.855 -179.858
-179.864 -179.858
-179.853 -179.857
-179.85 -179.857
-179.853 -179.857
-179.851 -179.856
-179.85 -179.856
-179.851 -179.856
-179.851 -179.855
-179.852 -179.855
-179.841 -179.855
-179.837 -179.854
-179.837 -179.854
-179.852 -179.854
-179.852 -179.853
-179.836 -179.853
-179.849 -179.853
-179.846 -179.852
-179.849 -179.852
-179.849 -179.852
-179.851 -179.852
-179.848 -179.851
-179.849 -179.851
-179.85 -179.851
-179.834 -179.851
-179.834 -179.85
-179.832 -179.85
-179.843 -179.85
-179.846 -179.849
-179.844 -179.849
-179.832 -179.849
-179.849 -179.849
-179.832 -179.848
-179.834 -179.848
-179.846 -179.848
-179.83 -179.848
-179.83 -179.848
-179.831 -179.847
-179.83 -179.847
-179.829 -179.847
-179.849 -179.847
-179.83 -179.846
-179.827 -179.846
-179.842 -179.846
-179.832 -179.846
-179.844 -179.845
-179.833 -179.845
-179.827 -179.845
-179.841 -179.845
-179.831 -179.844
-179.827 -179.844
-179.832 -179.844
-179.838 -179.844
-179.839 -179.843
-179.836 -179.843
-179.839 -179.843
-179.838 -179.843
-179.825 -179.842
-179.825 -179.842
-179.836 -179.842
-179.838 -179.842
-179.836 -179.842
-179.839 -179.841
-179.825 -179.841
-179.837 -179.841
-179.822 -179.841
-179.84 -179.841
-179.835 -179.841
-179.834 -179.841
-179.834 -179.84
-179.826 -179.84
-179.825 -179.84
-179.833 -179.84
-179.826 -179.84
-179.826 -179.84
-179.826 -179.839
-179.824 -179.839
-179.835 -179.839
-179.821 -179.839
-179.824 -179.839
-179.823 -179.839
-179.822 -179.839
-179.821 -179.838
-179.835 -179.838
-179.819 -179.838
-179.833 -179.838
-179.821 -179.838
-179.834 -179.838
-179.821 -179.838
-179.822 -179.837
-179.822 -179.837
-179.818 -179.837
-179.823 -179.837
-179.826 -179.837
-179.833 -179.837
-179.834 -179.837
-179.832 -179.837
-179.83 -179.836
-179.817 -179.836
-179.83 -179.836
-179.834 -179.836
-179.819 -179.835
-179.831 -179.835
-179.82 -179.835
-179.827 -179.835
-179.818 -179.834
-179.827 -179.834
-179.828 -179.833
-179.827 -179.832
-179.823 -179.831
-179.821 -179.83
-179.818 -179.826
-179.805 -179.825
-179.812 -179.822
-179.806 -179.819
-179.812 -179.816
-179.82 -179.814
-179.817 -179.812
-179.799 -179.81
-179.794 -179.809
-179.798 -179.807
-179.793 -179.806
-179.807 -179.805
-179.793 -179.803
-179.805 -179.802
-179.789 -179.801
-179.787 -179.799
-179.803 -179.798
-179.799 -179.798
-179.795 -179.796
-179.812 -179.793
-179.791 -179.79
-179.768 -179.783
-179.763 -179.777
-179.761 -179.775
-179.761 -179.774
-179.756 -179.772
-179.755 -179.769
-179.754 -179.767
-179.784 -179.761
-179.757 -179.756
-179.781 -179.749
-179.784 -179.738
-179.711 -179.73
-179.707 -179.729
-179.706 -179.729
-179.71 -179.728
-179.709 -179.728
-179.709 -179.727
-179.708 -179.727
-179.706 -179.726
-179.706 -179.726
-179.703 -179.726
-179.707 -179.726
-179.703 -179.725
-179.706 -179.725
-179.707 -179.725
-179.706 -179.724
-179.707 -179.724
-179.704 -179.724
-179.706 -179.723
-179.701 -179.723
-179.704 -179.723
-179.704 -179.723
-179.703 -179.722
-179.705 -179.722
-179.703 -179.721
-179.705 -179.721
-179.697 -179.72
-179.696 -179.718
-179.739 -179.716
-179.7 -179.705
-179.692 -179.696
-179.716 -179.693
-179.674 -179.689
-179.675 -179.688
-179.67 -179.685
-179.681 -179.684
-179.685 -179.683
-179.681 -179.683
-179.686 -179.682
-179.68 -179.682
-179.666 -179.681
-179.68 -179.681
-179.676 -179.68
-179.68 -179.68
-179.679 -179.68
-179.68 -179.679
-179.663 -179.679
-179.677 -179.679
-179.678 -179.679
-179.677 -179.678
-179.676 -179.678
-179.673 -179.677
-179.676 -179.677
-179.671 -179.677
-179.678 -179.676
-179.673 -179.676
-179.67 -179.676
-179.662 -179.676
-179.67 -179.675
-179.677 -179.675
-179.673 -179.674
-179.672 -179.674
-179.659 -179.673
-179.729 -179.671
-179.664 -179.666
-179.661 -179.661
-179.655 -179.659
-179.658 -179.658
-179.653 -179.656
-179.651 -179.654
-179.651 -179.653
-179.651 -179.65
-179.649 -179.648
-179.667 -179.641
-179.688 -179.635
-179.626 -179.632
-179.619 -179.619
-179.62 -179.589
-179.562 -179.572
-179.555 -179.566
-179.548 -179.561
-179.548 -179.561
-179.547 -179.559
-179.543 -179.558
-179.546 -179.558
-179.546 -179.558
-179.544 -179.557
-179.547 -179.557
-179.554 -179.556
-179.546 -179.556
-179.553 -179.556
-179.545 -179.556
-179.544 -179.555
-179.552 -179.555
-179.545 -179.555
-179.544 -179.555
-179.55 -179.555
-179.552 -179.554
-179.553 -179.554
-179.552 -179.554
-179.548 -179.554
-179.544 -179.553
-179.55 -179.553
-179.548 -179.553
-179.542 -179.552
-179.542 -179.552
-179.57 -179.548
-179.536 -179.544
-179.533 -179.541
-179.574 -179.539
-179.531 -179.537
-179.528 -179.535
-179.524 -179.533
-179.548 -179.531
-179.522 -179.528
-179.52 -179.527
-179.516 -179.523
-179.537 -179.515
-179.557 -179.5
-179.527 -179.494
-179.511 -179.479
-179.508 -179.469
-179.504 -179.464
-179.5 -179.447
-179.454 -179.425
-179.452 -179.416
-179.401 -179.391
-179.449 -179.374
-179.411 -179.363
-179.449 -179.351
-179.414 -179.337
-179.382 -179.322
-179.365 -179.301
-179.333 -179.288
-179.374 -179.274
-179.286 -179.263
-179.272 -179.236
-179.23 -179.181
-179.244 -179.147
-179.178 -179.119
-178.966 -178.852
-114.496 -114.501
-114.48 -114.496
-114.478 -114.493
-114.483 -114.492
-114.477 -114.49
-114.48 -114.489
-114.496 -114.488
-114.483 -114.486
-114.494 -114.485
-114.467 -114.484
-114.492 -114.483
-114.475 -114.483
-114.483 -114.482
-114.472 -114.482
-114.488 -114.481
-114.475 -114.48
-114.485 -114.479
-114.472 -114.479
-114.484 -114.478
-114.484 -114.477
-114.473 -114.477
-114.473 -114.476
-114.481 -114.475
-114.466 -114.475
-114.472 -114.474
-114.47 -114.473
-114.47 -114.472
-114.473 -114.472
-114.472 -114.471
-114.452 -114.469
-114.45 -114.467
-114.465 -114.464
-114.442 -114.46
-114.45 -114.451
-114.096 -114.057
-113.243 -113.132
-112.948 -112.884
-112.675 -112.643
-112.464 -112.545
-186.66 -186.664
-186.659 -186.663
-186.656 -186.662
-186.659 -186.662
-186.653 -186.662
-186.655 -186.662
-186.658 -186.661
-186.667 -186.661
-186.657 -186.661
-186.661 -186.66
-186.657 -186.66
-186.651 -186.66
-186.657 -186.66
-186.653 -186.66
-186.661 -186.66
-186.652 -186.659
-186.662 -186.659
-186.653 -186.659
-186.65 -186.659
-186.653 -186.659
-186.65 -186.658
-186.654 -186.658
-186.656 -186.658
-186.65 -186.658
-186.653 -186.657
-186.648 -186.657
-186.66 -186.657
-186.649 -186.657
-186.655 -186.657
-186.651 -186.656
-186.65 -186.656
-186.659 -186.656
-186.65 -186.656
-186.651 -186.655
-186.648 -186.655
-186.645 -186.654
-186.648 -186.654
-186.658 -186.654
-186.655 -186.654
-186.651 -186.653
-186.655 -186.653
-186.649 -186.653
-186.647 -186.652
-186.647 -186.652
-186.645 -186.651
-186.644 -186.651
-186.655 -186.651
-186.645 -186.651
-186.65 -186.65
-186.652 -186.65
-186.646 -186.65
-186.644 -186.65
-186.642 -186.649
-186.642 -186.649
-186.643 -186.649
-186.646 -186.648
-186.639 -186.648
-186.641 -186.648
-186.641 -186.647
-186.652 -186.647
-186.643 -186.647
-186.641 -186.646
-186.641 -186.646
-186.637 -186.646
-186.641 -186.646
-186.64 -186.646
-186.639 -186.645
-186.638 -186.645
-186.647 -186.645
-186.637 -186.644
-186.642 -186.644
-186.645 -186.644
-186.643 -186.644
-186.648 -186.644
-186.648 -186.643
-186.638 -186.643
-186.648 -186.643
-186.64 -186.643
-186.64 -186.643
-186.637 -186.642
-186.642 -186.642
-186.645 -186.642
-186.647 -186.642
-186.636 -186.642
-186.636 -186.642
-186.634 -186.641
-186.646 -186.641
-186.634 -186.641
-186.634 -186.641
-186.633 -186.641
-186.635 -186.641
-186.631 -186.64
-186.633 -186.64
-186.641 -186.64
-186.639 -186.639
-186.647 -186.639
-186.637 -186.638
-186.653 -186.637
-186.633 -186.636
-186.651 -186.635
-186.639 -186.635
-186.627 -186.633
-186.646 -186.632
-186.638 -186.631
-186.638 -186.63
-186.633 -186.629
-186.649 -186.628
-186.635 -186.627
-186.633 -186.626
-186.629 -186.625
-186.601 -186.621
-186.623 -186.617
-186.61 -186.614
-186.609 -186.608
-186.579 -186.603
-186.597 -186.598
-186.619 -186.593
-186.63 -186.591
-186.605 -186.59
-186.609 -186.589
-186.591 -186.588
-186.588 -186.587
-186.583 -186.585
-186.583 -186.584
-186.59 -186.583
-186.614 -186.581
-186.58 -186.58
-186.614 -186.579
-186.619 -186.578
-186.615 -186.577
-186.62 -186.576
-186.615 -186.576
-186.576 -186.575
-186.577 -186.573
-186.574 -186.571
-186.572 -186.57
-186.566 -186.569
-186.57 -186.568
-186.568 -186.567
-186.566 -186.566
-186.565 -186.563
-186.567 -186.562
-186.564 -186.561
-186.563 -186.56
-186.562 -186.558
-186.557 -186.557
-186.557 -186.556
-186.549 -186.555
-186.556 -186.554
-186.556 -186.553
-186.552 -186.551
-186.552 -186.551
-186.545 -186.55
-186.55 -186.549
-186.551 -186.549
-186.551 -186.548
-186.55 -186.547
-186.55 -186.547
-186.548 -186.546
-186.538 -186.546
-186.538 -186.545
-186.538 -186.545
-186.539 -186.544
-186.537 -186.543
-186.538 -186.542
-186.541 -186.541
-186.544 -186.541
-186.534 -186.54
-186.545 -186.54
-186.532 -186.539
-186.533 -186.538
-186.543 -186.538
-186.539 -186.536
-186.517 -186.536
-186.529 -186.535
-186.538 -186.535
-186.534 -186.534
-186.529 -186.534
-186.536 -186.534
-186.528 -186.533
-186.526 -186.532
-186.536 -186.531
-186.527 -186.531
-186.525 -186.53
-186.53 -186.529
-186.522 -186.528
-186.521 -186.528
-186.521 -186.527
-186.522 -186.526
-186.519 -186.525
-186.529 -186.524
-186.52 -186.524
-186.522 -186.523
-186.516 -186.522
-186.526 -186.522
-186.513 -186.52
-186.513 -186.518
-186.512 -186.517
-186.517 -186.515
-186.508 -186.514
-186.509 -186.514
-186.518 -186.512
-186.507 -186.51
-186.502 -186.507
-186.498 -186.505
-186.505 -186.504
-186.501 -186.502
-186.494 -186.501
-186.507 -186.5
-186.501 -186.498
-186.495 -186.497
-186.497 -186.496
-186.484 -186.496
-186.499 -186.495
-186.485 -186.493
-186.483 -186.493
-186.492 -186.492
-186.499 -186.492
-186.484 -186.492
-186.473 -186.491
-186.482 -186.491
-186.482 -186.49
-186.477 -186.489
-186.478 -186.489
-186.493 -186.488
-186.478 -186.487
-186.482 -186.487
-186.481 -186.486
-186.497 -186.485
-186.474 -186.484
-186.48 -186.483
-186.478 -186.483
-186.477 -186.482
-186.475 -186.482
-186.475 -186.481
-186.478 -186.48
-186.475 -186.48
-186.482 -186.478
-186.481 -186.477
-186.467 -186.476
-186.472 -186.474
-186.47 -186.473
-186.467 -186.471
-186.466 -186.469
-186.461 -186.467
-186.463 -186.464
-186.453 -186.46
-186.453 -186.457
-186.453 -186.456
-186.451 -186.455
-186.45 -186.453
-186.452 -186.452
-186.447 -186.451
-186.448 -186.451
-186.451 -186.45
-186.45 -186.449
-186.438 -186.449
-186.451 -186.448
-186.446 -186.446
-186.446 -186.445
-186.441 -186.444
-186.442 -186.443
-186.44 -186.442
-186.446 -186.44
-186.443 -186.439
-186.438 -186.438
-186.443 -186.437
-186.432 -186.435
-186.439 -186.434
-186.421 -186.433
-186.445 -186.432
-186.429 -186.43
-186.436 -186.429
-186.436 -186.429
-186.429 -186.428
-186.428 -186.427
-186.433 -186.426
-186.433 -186.425
-186.432 -186.424
-186.43 -186.422
-186.429 -186.421
-186.42 -186.418
-186.41 -186.417
-186.424 -186.415
-186.417 -186.414
-186.408 -186.413
-186.421 -186.412
-186.413 -186.411
-186.406 -186.409
-186.407 -186.408
-186.396 -186.408
-186.405 -186.407
-186.401 -186.406
-186.401 -186.405
-186.401 -186.404
-186.4 -186.403
-186.38 -186.402
-186.403 -186.401
-186.394 -186.4
-186.393 -186.399
-186.394 -186.397
-186.395 -186.396
-186.39 -186.395
-186.389 -186.393
-186.387 -186.392
-186.388 -186.39
-186.385 -186.39
-186.383 -186.389
-186.384 -186.388
-186.38 -186.386
-186.371 -186.385
-186.378 -186.383
-186.378 -186.382
-186.377 -186.381
-186.375 -186.38
-186.375 -186.379
-186.37 -186.378
-186.366 -186.375
-186.375 -186.374
-186.365 -186.372
-186.363 -186.371
-186.37 -186.368
-186.365 -186.367
-186.355 -186.365
-186.36 -186.364
-186.351 -186.363
-186.375 -186.36
-186.344 -186.359
-186.352 -186.357
-186.347 -186.355
-186.352 -186.354
-186.34 -186.353
-186.349 -186.352
-186.342 -186.352
-186.351 -186.351
-186.352 -186.35
-186.343 -186.35
-186.342 -186.349
-186.349 -186.348
-186.342 -186.347
-186.353 -186.346
-186.349 -186.346
-186.337 -186.345
-186.341 -186.343
-186.338 -186.343
-186.34 -186.342
-186.341 -186.342
-186.342 -186.34
-186.339 -186.339
-186.337 -186.338
-186.336 -186.337
-186.342 -186.336
-186.328 -186.335
-186.345 -186.334
-186.327 -186.333
-186.345 -186.332
-186.326 -186.33
-186.33 -186.329
-186.326 -186.329
-186.316 -186.326
-186.316 -186.326
-186.335 -186.324
-186.324 -186.324
-186.312 -186.322
-186.331 -186.319
-186.327 -186.317
-186.328 -186.315
-186.309 -186.314
-186.329 -186.313
-186.325 -186.311
-186.302 -186.31
-186.301 -186.309
-186.299 -186.308
-186.3 -186.308
-186.299 -186.307
-186.297 -186.306
-186.296 -186.305
-186.299 -186.305
-186.299 -186.304
-186.317 -186.303
-186.316 -186.302
-186.296 -186.301
-186.293 -186.3
-186.301 -186.3
-186.292 -186.299
-186.291 -186.298
-186.292 -186.298
-186.294 -186.297
-186.29 -186.296
-186.29 -186.295
-186.288 -186.294
-186.288 -186.293
-186.287 -186.293
-186.286 -186.292
-186.284 -186.291
-186.283 -186.29
-186.284 -186.289
-186.281 -186.287
-186.283 -186.286
-186.277 -186.284
-186.278 -186.284
-186.281 -186.283
-186.272 -186.28
-186.275 -186.272
-186.26 -186.264
-186.244 -186.248
-186.232 -186.239
-186.232 -186.235
-186.228 -186.225
-186.213 -186.212
-186.218 -186.196
-186.159 -186.168
-186.175 -186.144
-186.069 -186.119
-185.979 -186.008
-182.915 -182.934
-181.944 -181.885
-181.863 -181.865
-181.86 -181.865
-181.862 -181.864
-181.864 -181.864
-181.862 -181.863
-181.861 -181.863
-181.861 -181.862
-181.859 -181.862
-181.862 -181.861
-181.863 -181.861
-181.858 -181.861
-181.863 -181.861
-181.863 -181.86
-181.863 -181.86
-181.858 -181.86
-181.854 -181.859
-181.853 -181.859
-181.861 -181.859
-181.857 -181.859
-181.857 -181.858
-181.854 -181.858
-181.857 -181.857
-181.853 -181.857
-181.853 -181.856
-181.852 -181.856
-181.854 -181.855
-181.851 -181.852
-181.838 -181.838
-181.837 -181.834
-181.836 -181.832
-181.833 -181.83
-181.831 -181.828
-181.835 -181.824
-181.833 -181.823
-181.831 -181.822
-181.819 -181.821
-181.826 -181.82
-181.83 -181.819
-181.826 -181.819
-181.828 -181.818
-181.825 -181.818
-181.829 -181.817
-181.824 -181.817
-181.828 -181.816
-181.822 -181.816
-181.825 -181.815
-181.815 -181.814
-181.834 -181.804
-181.789 -181.776
-181.817 -181.754
-181.814 -181.723
-181.719 -181.698
-181.691 -181.67
-181.655 -181.634
-181.63 -181.609
-181.616 -181.592
-181.609 -181.586
-181.6 -181.581
-181.596 -181.576
-181.592 -181.572
-181.588 -181.563
-181.577 -181.549
-181.559 -181.526
-181.585 -181.505
-181.522 -181.442
-181.481 -181.399
-181.435 -181.364
-181.207 -181.146
-179.893 -179.897
-179.887 -179.894
-179.89 -179.893
-179.889 -179.892
-179.886 -179.892
-179.887 -179.89
-179.885 -179.89
-179.885 -179.889
-179.885 -179.889
-179.886 -179.888
-179.883 -179.887
-179.881 -179.886
-179.88 -179.886
-179.883 -179.885
-179.883 -179.884
-179.876 -179.883
-179.878 -179.883
-179.878 -179.882
-179.878 -179.881
-179.872 -179.879
-179.864 -179.874
-179.859 -179.863
-179.856 -179.861
-179.857 -179.86
-179.859 -179.859
-179.855 -179.859
-179.855 -179.858
-179.856 -179.858
-179.856 -179.857
-179.855 -179.857
-179.853 -179.857
-179.855 -179.857
-179.839 -179.856
-179.854 -179.856
-179.837 -179.855
-179.837 -179.855
-179.853 -179.855
-179.84 -179.855
-179.849 -179.854
-179.853 -179.854
-179.837 -179.854
-179.851 -179.853
-179.846 -179.853
-179.845 -179.853
-179.847 -179.852
-179.846 -179.852
-179.849 -179.852
-179.848 -179.852
-179.849 -179.851
-179.837 -179.851
-179.835 -179.851
-179.835 -179.851
-179.834 -179.85
-179.848 -179.85
-179.833 -179.85
-179.847 -179.849
-179.836 -179.849
-179.847 -179.849
-179.848 -179.849
-179.83 -179.848
-179.834 -179.848
-179.834 -179.848
-179.83 -179.848
-179.834 -179.847
-179.845 -179.847
-179.847 -179.847
-179.832 -179.847
-179.828 -179.847
-179.831 -179.846
-179.831 -179.846
-179.833 -179.846
-179.827 -179.846
-179.827 -179.845
-179.829 -179.845
-179.829 -179.845
-179.841 -179.845
-179.829 -179.844
-179.83 -179.844
-179.84 -179.844
-179.827 -179.843
-179.839 -179.843
-179.827 -179.843
-179.837 -179.843
-179.837 -179.842
-179.825 -179.842
-179.84 -179.842
-179.824 -179.842
-179.838 -179.842
-179.836 -179.841
-179.823 -179.841
-179.838 -179.841
-179.823 -179.841
-179.825 -179.841
-179.838 -179.841
-179.836 -179.841
-179.837 -179.84
-179.827 -179.84
-179.832 -179.84
-179.822 -179.84
-179.836 -179.84
-179.827 -179.84
-179.838 -179.839
-179.824 -179.839
-179.835 -179.839
-179.82 -179.839
-179.82 -179.839
-179.823 -179.839
-179.865 -179.839
-179.834 -179.839
-179.833 -179.838
-179.831 -179.838
-179.834 -179.838
-179.825 -179.838
-179.821 -179.838
-179.821 -179.838
-179.82 -179.838
-179.823 -179.837
-179.833 -179.837
-179.818 -179.837
-179.833 -179.837
-179.832 -179.837
-179.832 -179.837
-179.835 -179.837
-179.828 -179.836
-179.819 -179.836
-179.82 -179.836
-179.82 -179.836
-179.816 -179.835
-179.824 -179.835
-179.83 -179.835
-179.828 -179.835
-179.827 -179.835
-179.817 -179.834
-179.817 -179.834
-179.813 -179.833
-179.829 -179.832
-179.819 -179.831
-179.821 -179.83
-179.846 -179.826
-179.819 -179.825
-179.801 -179.82
-179.811 -179.818
-179.819 -179.816
-179.805 -179.813
-179.797 -179.811
-179.81 -179.81
-179.799 -179.809
-179.795 -179.807
-179.805 -179.806
-179.792 -179.805
-179.79 -179.803
-179.786 -179.802
-179.803 -179.801
-179.8 -179.799
-179.8 -179.798
-179.786 -179.798
-179.798 -179.795
-179.78 -179.793
-179.775 -179.79
-179.769 -179.783
-179.765 -179.776
-179.762 -179.775
-179.76 -179.773
-179.76 -179.771
-179.825 -179.769
-179.751 -179.766
-179.773 -179.76
-179.798 -179.755
-179.791 -179.746
-179.738 -179.737
-179.759 -179.73
-179.707 -179.729
-179.707 -179.729
-179.709 -179.728
-179.709 -179.727
-179.705 -179.727
-179.708 -179.727
-179.708 -179.726
-179.706 -179.726
-179.707 -179.726
-179.703 -179.726
-179.707 -179.725
-179.702 -179.725
-179.706 -179.725
-179.705 -179.724
-179.704 -179.724
-179.705 -179.724
-179.702 -179.723
-179.705 -179.723
-179.752 -179.723
-179.703 -179.723
-179.703 -179.722
-179.702 -179.722
-179.699 -179.721
-179.701 -179.721
-179.697 -179.719
-179.695 -179.718
-179.696 -179.715
-179.751 -179.704
-179.692 -179.696
-179.744 -179.693
-179.684 -179.688
-179.674 -179.688
-179.673 -179.685
-179.729 -179.683
-179.682 -179.683
-179.681 -179.682
-179.684 -179.682
-179.684 -179.682
-179.68 -179.681
-179.682 -179.68
-179.679 -179.68
-179.679 -179.68
-179.678 -179.68
-179.677 -179.679
-179.676 -179.679
-179.664 -179.679
-179.678 -179.678
-179.682 -179.678
-179.674 -179.678
-179.673 -179.677
-179.68 -179.677
-179.672 -179.677
-179.675 -179.676
-179.676 -179.676
-179.673 -179.676
-179.675 -179.676
-179.674 -179.675
-179.675 -179.675
-179.672 -179.674
-179.673 -179.674
-179.675 -179.673
-179.657 -179.67
-179.663 -179.664
-179.66 -179.661
-179.66 -179.659
-179.655 -179.658
-179.688 -179.656
-179.654 -179.654
-179.653 -179.652
-179.659 -179.649
-179.668 -179.647
-179.71 -179.639
-179.64 -179.635
-179.654 -179.632
-179.642 -179.609
-179.63 -179.589
-179.56 -179.571
-179.581 -179.566
-179.546 -179.561
-179.545 -179.56
-179.547 -179.559
-179.546 -179.558
-179.548 -179.558
-179.547 -179.558
-179.547 -179.557
-179.544 -179.557
-179.581 -179.556
-179.553 -179.556
-179.553 -179.556
-179.544 -179.556
-179.544 -179.555
-179.545 -179.555
-179.544 -179.555
-179.544 -179.555
-179.592 -179.555
-179.552 -179.554
-179.544 -179.554
-179.549 -179.554
-179.548 -179.553
-179.567 -179.553
-179.544 -179.553
-179.548 -179.553
-179.548 -179.552
-179.55 -179.552
-179.584 -179.546
-179.533 -179.543
-179.533 -179.54
-179.527 -179.538
-179.529 -179.537
-179.571 -179.534
-179.525 -179.532
-179.525 -179.53
-179.521 -179.528
-179.523 -179.527
-179.573 -179.522
-179.568 -179.512
-179.551 -179.5
-179.534 -179.493
-179.522 -179.478
-179.52 -179.468
-179.495 -179.458
-179.496 -179.436
-179.463 -179.424
-179.444 -179.413
-179.432 -179.386
-179.431 -179.372
-179.377 -179.362
-179.392 -179.35
-179.397 -179.336
-179.38 -179.312
-179.364 -179.296
-179.341 -179.287
-179.33 -179.274
-179.325 -179.253
-179.265 -179.225
-179.199 -179.172
-179.22 -179.138
-179.158 -179.106
-178.931 -178.847
-114.5 -114.5
-114.489 -114.496
-114.497 -114.493
-114.48 -114.491
-114.498 -114.49
-114.485 -114.489
-114.488 -114.488
-114.469 -114.486
-114.482 -114.485
-114.482 -114.484
-114.483 -114.483
-114.469 -114.483
-114.48 -114.482
-114.472 -114.481
-114.484 -114.48
-114.475 -114.48
-114.483 -114.479
-114.475 -114.479
-114.461 -114.478
-114.46 -114.477
-114.473 -114.477
-114.474 -114.476
-114.473 -114.475
-114.472 -114.475
-114.474 -114.474
-114.463 -114.473
-114.455 -114.472
-114.468 -114.472
-114.461 -114.471
-114.467 -114.468
-114.461 -114.467
-114.463 -114.464
-114.461 -114.46
-114.4 -114.41
-113.932 -113.922
-113.054 -113.009
-112.823 -112.868
-112.611 -112.613
-112.387 -112.375
